Archive member included to satisfy reference by file (symbol)

build/lib/board/edu-ciaa-nxp.a(chip_18xx_43xx.o)
                              build/obj/src/bsp.o (SystemCoreClock)
build/lib/board/edu-ciaa-nxp.a(clock_18xx_43xx.o)
                              build/lib/board/edu-ciaa-nxp.a(chip_18xx_43xx.o) (Chip_Clock_GetClockInputHz)
build/lib/board/edu-ciaa-nxp.a(board.o)
                              build/lib/board/edu-ciaa-nxp.a(clock_18xx_43xx.o) (ExtRateIn)
build/lib/board/edu-ciaa-nxp.a(sysinit_18xx_43xx.o)
                              build/lib/board/edu-ciaa-nxp.a(board.o) (Chip_SetupCoreClock)
/usr/local/share/gcc-arm-none-eabi-10.3-2021.10/bin/../lib/gcc/arm-none-eabi/10.3.1/../../../../arm-none-eabi/lib/thumb/v7e-m+fp/softfp/libc_nano.a(lib_a-exit.o)
                              /usr/local/share/gcc-arm-none-eabi-10.3-2021.10/bin/../lib/gcc/arm-none-eabi/10.3.1/../../../../arm-none-eabi/lib/thumb/v7e-m+fp/softfp/crt0.o (exit)
/usr/local/share/gcc-arm-none-eabi-10.3-2021.10/bin/../lib/gcc/arm-none-eabi/10.3.1/../../../../arm-none-eabi/lib/thumb/v7e-m+fp/softfp/libc_nano.a(lib_a-impure.o)
                              /usr/local/share/gcc-arm-none-eabi-10.3-2021.10/bin/../lib/gcc/arm-none-eabi/10.3.1/../../../../arm-none-eabi/lib/thumb/v7e-m+fp/softfp/libc_nano.a(lib_a-exit.o) (_global_impure_ptr)
/usr/local/share/gcc-arm-none-eabi-10.3-2021.10/bin/../lib/gcc/arm-none-eabi/10.3.1/../../../../arm-none-eabi/lib/thumb/v7e-m+fp/softfp/libc_nano.a(lib_a-init.o)
                              /usr/local/share/gcc-arm-none-eabi-10.3-2021.10/bin/../lib/gcc/arm-none-eabi/10.3.1/../../../../arm-none-eabi/lib/thumb/v7e-m+fp/softfp/crt0.o (__libc_init_array)
/usr/local/share/gcc-arm-none-eabi-10.3-2021.10/bin/../lib/gcc/arm-none-eabi/10.3.1/../../../../arm-none-eabi/lib/thumb/v7e-m+fp/softfp/libc_nano.a(lib_a-memcmp.o)
                              build/obj/src/reloj_lib.o (memcmp)
/usr/local/share/gcc-arm-none-eabi-10.3-2021.10/bin/../lib/gcc/arm-none-eabi/10.3.1/../../../../arm-none-eabi/lib/thumb/v7e-m+fp/softfp/libc_nano.a(lib_a-memcpy-stub.o)
                              build/obj/src/pantalla.o (memcpy)
/usr/local/share/gcc-arm-none-eabi-10.3-2021.10/bin/../lib/gcc/arm-none-eabi/10.3.1/../../../../arm-none-eabi/lib/thumb/v7e-m+fp/softfp/libc_nano.a(lib_a-memset.o)
                              /usr/local/share/gcc-arm-none-eabi-10.3-2021.10/bin/../lib/gcc/arm-none-eabi/10.3.1/../../../../arm-none-eabi/lib/thumb/v7e-m+fp/softfp/crt0.o (memset)
/usr/local/share/gcc-arm-none-eabi-10.3-2021.10/bin/../lib/gcc/arm-none-eabi/10.3.1/../../../../arm-none-eabi/lib/thumb/v7e-m+fp/softfp/libnosys.a(_exit.o)
                              /usr/local/share/gcc-arm-none-eabi-10.3-2021.10/bin/../lib/gcc/arm-none-eabi/10.3.1/../../../../arm-none-eabi/lib/thumb/v7e-m+fp/softfp/libc_nano.a(lib_a-exit.o) (_exit)

Discarded input sections

 .text          0x0000000000000000        0x0 /usr/local/share/gcc-arm-none-eabi-10.3-2021.10/bin/../lib/gcc/arm-none-eabi/10.3.1/thumb/v7e-m+fp/softfp/crti.o
 .data          0x0000000000000000        0x0 /usr/local/share/gcc-arm-none-eabi-10.3-2021.10/bin/../lib/gcc/arm-none-eabi/10.3.1/thumb/v7e-m+fp/softfp/crti.o
 .bss           0x0000000000000000        0x0 /usr/local/share/gcc-arm-none-eabi-10.3-2021.10/bin/../lib/gcc/arm-none-eabi/10.3.1/thumb/v7e-m+fp/softfp/crti.o
 .text          0x0000000000000000       0x40 /usr/local/share/gcc-arm-none-eabi-10.3-2021.10/bin/../lib/gcc/arm-none-eabi/10.3.1/thumb/v7e-m+fp/softfp/crtbegin.o
 .data          0x0000000000000000        0x4 /usr/local/share/gcc-arm-none-eabi-10.3-2021.10/bin/../lib/gcc/arm-none-eabi/10.3.1/thumb/v7e-m+fp/softfp/crtbegin.o
 .bss           0x0000000000000000       0x1c /usr/local/share/gcc-arm-none-eabi-10.3-2021.10/bin/../lib/gcc/arm-none-eabi/10.3.1/thumb/v7e-m+fp/softfp/crtbegin.o
 .rodata        0x0000000000000000       0x24 /usr/local/share/gcc-arm-none-eabi-10.3-2021.10/bin/../lib/gcc/arm-none-eabi/10.3.1/thumb/v7e-m+fp/softfp/crtbegin.o
 .init_array    0x0000000000000000        0x4 /usr/local/share/gcc-arm-none-eabi-10.3-2021.10/bin/../lib/gcc/arm-none-eabi/10.3.1/thumb/v7e-m+fp/softfp/crtbegin.o
 .fini_array    0x0000000000000000        0x4 /usr/local/share/gcc-arm-none-eabi-10.3-2021.10/bin/../lib/gcc/arm-none-eabi/10.3.1/thumb/v7e-m+fp/softfp/crtbegin.o
 .eh_frame      0x0000000000000000        0x0 /usr/local/share/gcc-arm-none-eabi-10.3-2021.10/bin/../lib/gcc/arm-none-eabi/10.3.1/thumb/v7e-m+fp/softfp/crtbegin.o
 .ARM.attributes
                0x0000000000000000       0x32 /usr/local/share/gcc-arm-none-eabi-10.3-2021.10/bin/../lib/gcc/arm-none-eabi/10.3.1/thumb/v7e-m+fp/softfp/crtbegin.o
 .text          0x0000000000000000       0x7c /usr/local/share/gcc-arm-none-eabi-10.3-2021.10/bin/../lib/gcc/arm-none-eabi/10.3.1/../../../../arm-none-eabi/lib/thumb/v7e-m+fp/softfp/crt0.o
[...]
Memory Configuration

Name             Origin             Length             Attributes
MFlashA512       0x000000001a000000 0x0000000000080000 xr
MFlashB512       0x000000001b000000 0x0000000000080000 xr
RamLoc32         0x0000000010000000 0x0000000000008000 xrw
RamLoc40         0x0000000010080000 0x000000000000a000 xrw
RamAHB32         0x0000000020000000 0x0000000000008000 xrw
RamAHB16         0x0000000020008000 0x0000000000004000 xrw
RamAHB_ETB16     0x000000002000c000 0x0000000000004000 xrw
*default*        0x0000000000000000 0xffffffffffffffff

Linker script and memory map

LOAD /usr/local/share/gcc-arm-none-eabi-10.3-2021.10/bin/../lib/gcc/arm-none-eabi/10.3.1/thumb/v7e-m+fp/softfp/crti.o
LOAD /usr/local/share/gcc-arm-none-eabi-10.3-2021.10/bin/../lib/gcc/arm-none-eabi/10.3.1/thumb/v7e-m+fp/softfp/crtbegin.o
LOAD /usr/local/share/gcc-arm-none-eabi-10.3-2021.10/bin/../lib/gcc/arm-none-eabi/10.3.1/../../../../arm-none-eabi/lib/thumb/v7e-m+fp/softfp/crt0.o
LOAD build/obj/src/bsp.o
LOAD build/obj/src/digital.o
LOAD build/obj/src/main.o
LOAD build/obj/src/pantalla.o
LOAD build/obj/src/reloj_lib.o
LOAD build/obj/external/base/soc/lpc43xx/startup/cr_startup_lpc43xx.o
LOAD build/lib/board/edu-ciaa-nxp.a
START GROUP
LOAD /usr/local/share/gcc-arm-none-eabi-10.3-2021.10/bin/../lib/gcc/arm-none-eabi/10.3.1/thumb/v7e-m+fp/softfp/libgcc.a
LOAD /usr/local/share/gcc-arm-none-eabi-10.3-2021.10/bin/../lib/gcc/arm-none-eabi/10.3.1/../../../../arm-none-eabi/lib/thumb/v7e-m+fp/softfp/libc_nano.a
END GROUP
START GROUP
LOAD /usr/local/share/gcc-arm-none-eabi-10.3-2021.10/bin/../lib/gcc/arm-none-eabi/10.3.1/thumb/v7e-m+fp/softfp/libgcc.a
LOAD /usr/local/share/gcc-arm-none-eabi-10.3-2021.10/bin/../lib/gcc/arm-none-eabi/10.3.1/../../../../arm-none-eabi/lib/thumb/v7e-m+fp/softfp/libc_nano.a
LOAD /usr/local/share/gcc-arm-none-eabi-10.3-2021.10/bin/../lib/gcc/arm-none-eabi/10.3.1/../../../../arm-none-eabi/lib/thumb/v7e-m+fp/softfp/libnosys.a
END GROUP
START GROUP
LOAD /usr/local/share/gcc-arm-none-eabi-10.3-2021.10/bin/../lib/gcc/arm-none-eabi/10.3.1/thumb/v7e-m+fp/softfp/libgcc.a
LOAD /usr/local/share/gcc-arm-none-eabi-10.3-2021.10/bin/../lib/gcc/arm-none-eabi/10.3.1/../../../../arm-none-eabi/lib/thumb/v7e-m+fp/softfp/libc_nano.a
LOAD /usr/local/share/gcc-arm-none-eabi-10.3-2021.10/bin/../lib/gcc/arm-none-eabi/10.3.1/../../../../arm-none-eabi/lib/thumb/v7e-m+fp/softfp/libnosys.a
END GROUP
LOAD /usr/local/share/gcc-arm-none-eabi-10.3-2021.10/bin/../lib/gcc/arm-none-eabi/10.3.1/thumb/v7e-m+fp/softfp/crtend.o
LOAD /usr/local/share/gcc-arm-none-eabi-10.3-2021.10/bin/../lib/gcc/arm-none-eabi/10.3.1/thumb/v7e-m+fp/softfp/crtn.o
                0x000000001a000000                __base_MFlashA512 = 0x1a000000
                0x000000001a000000                __base_Flash = 0x1a000000
                0x000000001a080000                __top_MFlashA512 = 0x1a080000
                0x000000001a080000                __top_Flash = 0x1a080000
                0x000000001b000000                __base_MFlashB512 = 0x1b000000
                0x000000001b000000                __base_Flash2 = 0x1b000000
                0x000000001b080000                __top_MFlashB512 = 0x1b080000
                0x000000001b080000                __top_Flash2 = 0x1b080000
                0x0000000010000000                __base_RamLoc32 = 0x10000000
                0x0000000010000000                __base_RAM = 0x10000000
                0x0000000010008000                __top_RamLoc32 = 0x10008000
                0x0000000010008000                __top_RAM = 0x10008000
                0x0000000010080000                __base_RamLoc40 = 0x10080000
                0x0000000010080000                __base_RAM2 = 0x10080000
                0x000000001008a000                __top_RamLoc40 = 0x1008a000
                0x000000001008a000                __top_RAM2 = 0x1008a000
                0x0000000020000000                __base_RamAHB32 = 0x20000000
                0x0000000020000000                __base_RAM3 = 0x20000000
                0x0000000020008000                __top_RamAHB32 = 0x20008000
                0x0000000020008000                __top_RAM3 = 0x20008000
                0x0000000020008000                __base_RamAHB16 = 0x20008000
                0x0000000020008000                __base_RAM4 = 0x20008000
                0x000000002000c000                __top_RamAHB16 = 0x2000c000
                0x000000002000c000                __top_RAM4 = 0x2000c000
                0x000000002000c000                __base_RamAHB_ETB16 = 0x2000c000
                0x000000002000c000                __base_RAM5 = 0x2000c000
                0x0000000020010000                __top_RamAHB_ETB16 = 0x20010000
                0x0000000020010000                __top_RAM5 = 0x20010000

.text_Flash2    0x000000001b000000        0x0
 FILL mask 0xff
 *(.text_Flash2*)
 *(.text_MFlashB512*)
 *(.text.$Flash2*)
 *(.text.$MFlashB512*)
 *(.rodata.$Flash2*)
 *(.rodata.$MFlashB512*)

.text           0x000000001a000000      0x234
 FILL mask 0xff
                0x000000001a000000                __vectors_start__ = ABSOLUTE (.)
 *(.isr_vector)
 .isr_vector    0x000000001a000000      0x114 build/obj/external/base/soc/lpc43xx/startup/cr_startup_lpc43xx.o
                0x000000001a000000                g_pfnVectors
                0x000000001a000114                . = ALIGN (0x4)
                0x000000001a000114                __section_table_start = .
                0x000000001a000114                __data_section_table = .
                0x000000001a000114        0x4 LONG 0x1a001570 LOADADDR (.data)
                0x000000001a000118        0x4 LONG 0x10000000 ADDR (.data)
                0x000000001a00011c        0x4 LONG 0x0 SIZEOF (.data)
                0x000000001a000120        0x4 LONG 0x1a001570 LOADADDR (.data_RAM2)
                0x000000001a000124        0x4 LONG 0x10080000 ADDR (.data_RAM2)
                0x000000001a000128        0x4 LONG 0x0 SIZEOF (.data_RAM2)
                0x000000001a00012c        0x4 LONG 0x1a001570 LOADADDR (.data_RAM3)
                0x000000001a000130        0x4 LONG 0x20000000 ADDR (.data_RAM3)
                0x000000001a000134        0x4 LONG 0x0 SIZEOF (.data_RAM3)
                0x000000001a000138        0x4 LONG 0x1a001570 LOADADDR (.data_RAM4)
                0x000000001a00013c        0x4 LONG 0x20008000 ADDR (.data_RAM4)
                0x000000001a000140        0x4 LONG 0x0 SIZEOF (.data_RAM4)
                0x000000001a000144        0x4 LONG 0x1a001570 LOADADDR (.data_RAM5)
                0x000000001a000148        0x4 LONG 0x2000c000 ADDR (.data_RAM5)
                0x000000001a00014c        0x4 LONG 0x0 SIZEOF (.data_RAM5)
                0x000000001a000150                __data_section_table_end = .
                0x000000001a000150                __bss_section_table = .
                0x000000001a000150        0x4 LONG 0x10000000 ADDR (.bss)
                0x000000001a000154        0x4 LONG 0xf8 SIZEOF (.bss)
                0x000000001a000158        0x4 LONG 0x10080000 ADDR (.bss_RAM2)
                0x000000001a00015c        0x4 LONG 0x0 SIZEOF (.bss_RAM2)
                0x000000001a000160        0x4 LONG 0x20000000 ADDR (.bss_RAM3)
                0x000000001a000164        0x4 LONG 0x0 SIZEOF (.bss_RAM3)
                0x000000001a000168        0x4 LONG 0x20008000 ADDR (.bss_RAM4)
                0x000000001a00016c        0x4 LONG 0x0 SIZEOF (.bss_RAM4)
                0x000000001a000170        0x4 LONG 0x2000c000 ADDR (.bss_RAM5)
                0x000000001a000174        0x4 LONG 0x0 SIZEOF (.bss_RAM5)
                0x000000001a000178                __bss_section_table_end = .
                0x000000001a000178                __section_table_end = .
 *(.after_vectors*)
 .after_vectors
                0x000000001a000178       0xbc build/obj/external/base/soc/lpc43xx/startup/cr_startup_lpc43xx.o
                0x000000001a000178                data_init
                0x000000001a0001be                bss_init
                0x000000001a0001f8                NMI_Handler
                0x000000001a0001fe                HardFault_Handler
                0x000000001a000204                MemManage_Handler
                0x000000001a00020a                BusFault_Handler
                0x000000001a000210                UsageFault_Handler
                0x000000001a000216                SVC_Handler
                0x000000001a00021c                DebugMon_Handler
                0x000000001a000222                PendSV_Handler
                0x000000001a00022e                TIMER2_IRQHandler
                0x000000001a00022e                RIT_IRQHandler
                0x000000001a00022e                FLASH_EEPROM_IRQHandler
                0x000000001a00022e                I2C0_IRQHandler
                0x000000001a00022e                SDIO_IRQHandler
                0x000000001a00022e                ATIMER_IRQHandler
                0x000000001a00022e                I2C1_IRQHandler
                0x000000001a00022e                UART1_IRQHandler
                0x000000001a00022e                GPIO5_IRQHandler
                0x000000001a00022e                CAN1_IRQHandler
                0x000000001a00022e                USB1_IRQHandler
                0x000000001a00022e                I2S0_IRQHandler
                0x000000001a00022e                TIMER3_IRQHandler
                0x000000001a00022e                UART0_IRQHandler
                0x000000001a00022e                SGPIO_IRQHandler
                0x000000001a00022e                ADC0_IRQHandler
                0x000000001a00022e                GPIO6_IRQHandler
                0x000000001a00022e                IntDefaultHandler
                0x000000001a00022e                GPIO1_IRQHandler
                0x000000001a00022e                SSP0_IRQHandler
                0x000000001a00022e                ADC1_IRQHandler
                0x000000001a00022e                RTC_IRQHandler
                0x000000001a00022e                TIMER0_IRQHandler
                0x000000001a00022e                SPI_IRQHandler
                0x000000001a00022e                LCD_IRQHandler
                0x000000001a00022e                VADC_IRQHandler
                0x000000001a00022e                TIMER1_IRQHandler
                0x000000001a00022e                UART2_IRQHandler
                0x000000001a00022e                GPIO2_IRQHandler
                0x000000001a00022e                I2S1_IRQHandler
                0x000000001a00022e                SSP1_IRQHandler
                0x000000001a00022e                USB0_IRQHandler
                0x000000001a00022e                GPIO3_IRQHandler
                0x000000001a00022e                SCT_IRQHandler
                0x000000001a00022e                WDT_IRQHandler
                0x000000001a00022e                GPIO7_IRQHandler
                0x000000001a00022e                SPIFI_IRQHandler
                0x000000001a00022e                QEI_IRQHandler
                0x000000001a00022e                ETH_IRQHandler
                0x000000001a00022e                M0CORE_IRQHandler
                0x000000001a00022e                CAN0_IRQHandler
                0x000000001a00022e                GINT0_IRQHandler
                0x000000001a00022e                DAC_IRQHandler
                0x000000001a00022e                M0SUB_IRQHandler
                0x000000001a00022e                GPIO0_IRQHandler
                0x000000001a00022e                DMA_IRQHandler
                0x000000001a00022e                EVRT_IRQHandler
                0x000000001a00022e                UART3_IRQHandler
                0x000000001a00022e                MCPWM_IRQHandler
                0x000000001a00022e                GINT1_IRQHandler
                0x000000001a00022e                GPIO4_IRQHandler

.glue_7         0x000000001a000234        0x0
 .glue_7        0x000000001a000234        0x0 linker stubs

.glue_7t        0x000000001a000234        0x0
 .glue_7t       0x000000001a000234        0x0 linker stubs

.vfp11_veneer   0x000000001a000234        0x0
 .vfp11_veneer  0x000000001a000234        0x0 linker stubs

.v4_bx          0x000000001a000234        0x0
 .v4_bx         0x000000001a000234        0x0 linker stubs

.init           0x000000001a000234        0x4
 .init          0x000000001a000234        0x4 /usr/local/share/gcc-arm-none-eabi-10.3-2021.10/bin/../lib/gcc/arm-none-eabi/10.3.1/thumb/v7e-m+fp/softfp/crti.o
                0x000000001a000234                _init

.fini           0x000000001a000238        0x4
 .fini          0x000000001a000238        0x4 /usr/local/share/gcc-arm-none-eabi-10.3-2021.10/bin/../lib/gcc/arm-none-eabi/10.3.1/thumb/v7e-m+fp/softfp/crti.o
                0x000000001a000238                _fini

.iplt           0x000000001a00023c        0x0
 .iplt          0x000000001a00023c        0x0 build/obj/src/bsp.o

.text           0x000000001a00023c     0x1334
 *(.text*)
 .text.__NVIC_SetPriority
                0x000000001a00023c       0x54 build/obj/src/bsp.o
 .text.SysTick_Config
                0x000000001a000290       0x44 build/obj/src/bsp.o
 .text.Chip_SCU_PinMuxSet
                0x000000001a0002d4       0x34 build/obj/src/bsp.o
 .text.Chip_GPIO_SetPinState
                0x000000001a000308       0x38 build/obj/src/bsp.o
 .text.Chip_GPIO_SetValue
                0x000000001a000340       0x28 build/obj/src/bsp.o
 .text.Chip_GPIO_ClearValue
                0x000000001a000368       0x28 build/obj/src/bsp.o
 .text.BoardCreate
                0x000000001a000390      0x2e8 build/obj/src/bsp.o
                0x000000001a000390                BoardCreate
 .text.ScreenTurnOff
                0x000000001a000678       0x2c build/obj/src/bsp.o
                0x000000001a000678                ScreenTurnOff
 .text.SegmentsTurnOn
                0x000000001a0006a4       0x4c build/obj/src/bsp.o
                0x000000001a0006a4                SegmentsTurnOn
 .text.DigitTurnOn
                0x000000001a0006f0       0x2c build/obj/src/bsp.o
                0x000000001a0006f0                DigitTurnOn
 .text.SysTick_Init
                0x000000001a00071c       0x30 build/obj/src/bsp.o
                0x000000001a00071c                SysTick_Init
 .text.Chip_GPIO_SetPinState
                0x000000001a00074c       0x38 build/obj/src/digital.o
 .text.Chip_GPIO_ReadPortBit
                0x000000001a000784       0x34 build/obj/src/digital.o
 .text.Chip_GPIO_SetPinDIROutput
                0x000000001a0007b8       0x3e build/obj/src/digital.o
 .text.Chip_GPIO_SetPinDIRInput
                0x000000001a0007f6       0x40 build/obj/src/digital.o
 .text.Chip_GPIO_SetPinDIR
                0x000000001a000836       0x42 build/obj/src/digital.o
 .text.DigitalOutputAllocate
                0x000000001a000878       0x6c build/obj/src/digital.o
                0x000000001a000878                DigitalOutputAllocate
 .text.DigitalinputAllocate
                0x000000001a0008e4       0x6c build/obj/src/digital.o
                0x000000001a0008e4                DigitalinputAllocate
 .text.DigitalInputCreate
                0x000000001a000950       0x50 build/obj/src/digital.o
                0x000000001a000950                DigitalInputCreate
 .text.Digital_OutputCreate
                0x000000001a0009a0       0x58 build/obj/src/digital.o
                0x000000001a0009a0                Digital_OutputCreate
 .text.DigitalInputState
                0x000000001a0009f8       0x3c build/obj/src/digital.o
                0x000000001a0009f8                DigitalInputState
 .text.main     0x000000001a000a34       0xac build/obj/src/main.o
                0x000000001a000a34                main
 .text.delay    0x000000001a000ae0       0x3c build/obj/src/main.o
                0x000000001a000ae0                delay
 .text.SysTick_Handler
                0x000000001a000b1c       0x10 build/obj/src/main.o
                0x000000001a000b1c                SysTick_Handler
 .text.Display_Allocate
                0x000000001a000b2c       0x14 build/obj/src/pantalla.o
 .text.DisplayCreate
                0x000000001a000b40       0x54 build/obj/src/pantalla.o
                0x000000001a000b40                DisplayCreate
 .text.DisplayWriteBCD
                0x000000001a000b94       0x68 build/obj/src/pantalla.o
                0x000000001a000b94                DisplayWriteBCD
 .text.DisplayRefresh
                0x000000001a000bfc       0x94 build/obj/src/pantalla.o
                0x000000001a000bfc                DisplayRefresh
 .text.CrearReloj
                0x000000001a000c90       0x28 build/obj/src/reloj_lib.o
                0x000000001a000c90                CrearReloj
 .text.ConfigurarHora
                0x000000001a000cb8       0x44 build/obj/src/reloj_lib.o
                0x000000001a000cb8                ConfigurarHora
 .text.DarHora  0x000000001a000cfc       0x26 build/obj/src/reloj_lib.o
                0x000000001a000cfc                DarHora
 .text.ActualizarHora
                0x000000001a000d22       0x62 build/obj/src/reloj_lib.o
                0x000000001a000d22                ActualizarHora
 .text.AlarmaActivar
                0x000000001a000d84       0x6e build/obj/src/reloj_lib.o
                0x000000001a000d84                AlarmaActivar
 .text.Cada_Segundo
                0x000000001a000df2       0xec build/obj/src/reloj_lib.o
                0x000000001a000df2                Cada_Segundo
 .text.validar_hora
                0x000000001a000ede       0x76 build/obj/src/reloj_lib.o
                0x000000001a000ede                validar_hora
 .text.ResetISR
                0x000000001a000f54       0xe0 build/obj/external/base/soc/lpc43xx/startup/cr_startup_lpc43xx.o
                0x000000001a000f54                ResetISR
 .text.SystemCoreClockUpdate
                0x000000001a001034       0x18 build/lib/board/edu-ciaa-nxp.a(chip_18xx_43xx.o)
                0x000000001a001034                SystemCoreClockUpdate
 .text.Chip_Clock_GetDivRate
                0x000000001a00104c       0x40 build/lib/board/edu-ciaa-nxp.a(clock_18xx_43xx.o)
 .text.Chip_Clock_FindBaseClock
                0x000000001a00108c       0x90 build/lib/board/edu-ciaa-nxp.a(clock_18xx_43xx.o)
 .text.Chip_Clock_GetMainPLLHz
                0x000000001a00111c       0xbc build/lib/board/edu-ciaa-nxp.a(clock_18xx_43xx.o)
                0x000000001a00111c                Chip_Clock_GetMainPLLHz
 .text.Chip_Clock_GetDividerSource
                0x000000001a0011d8       0x40 build/lib/board/edu-ciaa-nxp.a(clock_18xx_43xx.o)
                0x000000001a0011d8                Chip_Clock_GetDividerSource
 .text.Chip_Clock_GetDividerDivisor
                0x000000001a001218       0x38 build/lib/board/edu-ciaa-nxp.a(clock_18xx_43xx.o)
                0x000000001a001218                Chip_Clock_GetDividerDivisor
 .text.Chip_Clock_GetClockInputHz
                0x000000001a001250      0x140 build/lib/board/edu-ciaa-nxp.a(clock_18xx_43xx.o)
                0x000000001a001250                Chip_Clock_GetClockInputHz
 .text.Chip_Clock_GetBaseClocktHz
                0x000000001a001390       0x24 build/lib/board/edu-ciaa-nxp.a(clock_18xx_43xx.o)
                0x000000001a001390                Chip_Clock_GetBaseClocktHz
 .text.Chip_Clock_GetBaseClock
                0x000000001a0013b4       0x4c build/lib/board/edu-ciaa-nxp.a(clock_18xx_43xx.o)
                0x000000001a0013b4                Chip_Clock_GetBaseClock
 .text.Chip_Clock_GetRate
                0x000000001a001400       0x88 build/lib/board/edu-ciaa-nxp.a(clock_18xx_43xx.o)
                0x000000001a001400                Chip_Clock_GetRate
 .text.memcmp   0x000000001a001488       0x20 /usr/local/share/gcc-arm-none-eabi-10.3-2021.10/bin/../lib/gcc/arm-none-eabi/10.3.1/../../../../arm-none-eabi/lib/thumb/v7e-m+fp/softfp/libc_nano.a(lib_a-memcmp.o)
                0x000000001a001488                memcmp
 .text.memcpy   0x000000001a0014a8       0x1c /usr/local/share/gcc-arm-none-eabi-10.3-2021.10/bin/../lib/gcc/arm-none-eabi/10.3.1/../../../../arm-none-eabi/lib/thumb/v7e-m+fp/softfp/libc_nano.a(lib_a-memcpy-stub.o)
                0x000000001a0014a8                memcpy
 .text.memset   0x000000001a0014c4       0x10 /usr/local/share/gcc-arm-none-eabi-10.3-2021.10/bin/../lib/gcc/arm-none-eabi/10.3.1/../../../../arm-none-eabi/lib/thumb/v7e-m+fp/softfp/libc_nano.a(lib_a-memset.o)
                0x000000001a0014c4                memset
 *(.rodata .rodata.* .constdata .constdata.*)
 .rodata        0x000000001a0014d4        0xc build/obj/src/bsp.o
 .rodata        0x000000001a0014e0        0x6 build/obj/src/main.o
 *fill*         0x000000001a0014e6        0x2 
 .rodata.IMAGES
                0x000000001a0014e8        0xa build/obj/src/pantalla.o
 *fill*         0x000000001a0014f2        0x2 
 .rodata.periph_to_base
                0x000000001a0014f4       0x6c build/lib/board/edu-ciaa-nxp.a(clock_18xx_43xx.o)
 .rodata        0x000000001a001560        0x6 build/lib/board/edu-ciaa-nxp.a(clock_18xx_43xx.o)
 *fill*         0x000000001a001566        0x2 
 .rodata.ExtRateIn
                0x000000001a001568        0x4 build/lib/board/edu-ciaa-nxp.a(board.o)
                0x000000001a001568                ExtRateIn
 .rodata.OscRateIn
                0x000000001a00156c        0x4 build/lib/board/edu-ciaa-nxp.a(board.o)
                0x000000001a00156c                OscRateIn
                0x000000001a001570                . = ALIGN (0x4)

.rel.dyn        0x000000001a001570        0x0
 .rel.iplt      0x000000001a001570        0x0 build/obj/src/bsp.o

.ARM.extab
 *(.ARM.extab* .gnu.linkonce.armextab.*)
                0x000000001a001570                __exidx_start = .

.ARM.exidx
 *(.ARM.exidx* .gnu.linkonce.armexidx.*)
                0x000000001a001570                __exidx_end = .
                0x000000001a001570                _etext = .

.data_RAM2      0x0000000010080000        0x0 load address 0x000000001a001570
 FILL mask 0xff
                [!provide]                        PROVIDE (__start_data_RAM2 = .)
 *(.ramfunc.$RAM2)
 *(.ramfunc.$RamLoc40)
 *(.data.$RAM2*)
 *(.data.$RamLoc40*)
 *(.bss.ucHeap)
                0x0000000010080000                . = ALIGN (0x4)
                [!provide]                        PROVIDE (__end_data_RAM2 = .)

.data_RAM3      0x0000000020000000        0x0 load address 0x000000001a001570
 FILL mask 0xff
                [!provide]                        PROVIDE (__start_data_RAM3 = .)
 *(.ramfunc.$RAM3)
 *(.ramfunc.$RamAHB32)
 *(.data.$RAM3*)
 *(.data.$RamAHB32*)
                0x0000000020000000                . = ALIGN (0x4)
                [!provide]                        PROVIDE (__end_data_RAM3 = .)

.data_RAM4      0x0000000020008000        0x0 load address 0x000000001a001570
 FILL mask 0xff
                [!provide]                        PROVIDE (__start_data_RAM4 = .)
 *(.ramfunc.$RAM4)
 *(.ramfunc.$RamAHB16)
 *(.data.$RAM4*)
 *(.data.$RamAHB16*)
                0x0000000020008000                . = ALIGN (0x4)
                [!provide]                        PROVIDE (__end_data_RAM4 = .)

.data_RAM5      0x000000002000c000        0x0 load address 0x000000001a001570
 FILL mask 0xff
                [!provide]                        PROVIDE (__start_data_RAM5 = .)
 *(.ramfunc.$RAM5)
 *(.ramfunc.$RamAHB_ETB16)
 *(.data.$RAM5*)
 *(.data.$RamAHB_ETB16*)
                0x000000002000c000                . = ALIGN (0x4)
                [!provide]                        PROVIDE (__end_data_RAM5 = .)

.uninit_RESERVED
                0x0000000010000000        0x0
 *(.bss.$RESERVED*)
                0x0000000010000000                . = ALIGN (0x4)
                0x0000000010000000                _end_uninit_RESERVED = .

.data           0x0000000010000000        0x0 load address 0x000000001a001570
 FILL mask 0xff
                0x0000000010000000                _data = .
 *(vtable)
 *(.ramfunc*)
 *(.data*)
                0x0000000010000000                . = ALIGN (0x4)
                0x0000000010000000                _edata = .

.igot.plt       0x0000000010000000        0x0 load address 0x000000001a001570
 .igot.plt      0x0000000010000000        0x0 build/obj/src/bsp.o

.bss_RAM2       0x0000000010080000        0x0
                [!provide]                        PROVIDE (__start_bss_RAM2 = .)
 *(.bss.$RAM2*)
 *(.bss.$RamLoc40*)
                0x0000000010080000                . = ALIGN ((. != 0x0)?0x4:0x1)
                [!provide]                        PROVIDE (__end_bss_RAM2 = .)

.bss_RAM3       0x0000000020000000        0x0
                [!provide]                        PROVIDE (__start_bss_RAM3 = .)
 *(.bss.$RAM3*)
 *(.bss.$RamAHB32*)
                0x0000000020000000                . = ALIGN ((. != 0x0)?0x4:0x1)
                [!provide]                        PROVIDE (__end_bss_RAM3 = .)

.bss_RAM4       0x0000000020008000        0x0
                [!provide]                        PROVIDE (__start_bss_RAM4 = .)
 *(.bss.$RAM4*)
 *(.bss.$RamAHB16*)
                0x0000000020008000                . = ALIGN ((. != 0x0)?0x4:0x1)
                [!provide]                        PROVIDE (__end_bss_RAM4 = .)

.bss_RAM5       0x000000002000c000        0x0
                [!provide]                        PROVIDE (__start_bss_RAM5 = .)
 *(.bss.$RAM5*)
 *(.bss.$RamAHB_ETB16*)
                0x000000002000c000                . = ALIGN ((. != 0x0)?0x4:0x1)
                [!provide]                        PROVIDE (__end_bss_RAM5 = .)

.bss            0x0000000010000000       0xf8
                0x0000000010000000                _bss = .
 *(.bss*)
 .bss.board     0x0000000010000000       0x74 build/obj/src/bsp.o
 .bss.instances.1
                0x0000000010000074       0x2a build/obj/src/digital.o
 *fill*         0x000000001000009e        0x2 
 .bss.instances.0
                0x00000000100000a0       0x1e build/obj/src/digital.o
 *fill*         0x00000000100000be        0x2 
 .bss.instances.0
                0x00000000100000c0       0x14 build/obj/src/pantalla.o
 .bss.self.0    0x00000000100000d4       0x18 build/obj/src/reloj_lib.o
 .bss.SystemCoreClock
                0x00000000100000ec        0x4 build/lib/board/edu-ciaa-nxp.a(chip_18xx_43xx.o)
                0x00000000100000ec                SystemCoreClock
 .bss.audio_usb_pll_freq
                0x00000000100000f0        0x8 build/lib/board/edu-ciaa-nxp.a(clock_18xx_43xx.o)
 *(COMMON)
                0x00000000100000f8                . = ALIGN (0x4)
                0x00000000100000f8                _ebss = .
                [!provide]                        PROVIDE (end = .)

.noinit_RAM2    0x0000000010080000        0x0
 *(.noinit.$RAM2*)
 *(.noinit.$RamLoc40*)
                0x0000000010080000                . = ALIGN (0x4)

.noinit_RAM3    0x0000000020000000        0x0
 *(.noinit.$RAM3*)
 *(.noinit.$RamAHB32*)
                0x0000000020000000                . = ALIGN (0x4)

.noinit_RAM4    0x0000000020008000        0x0
 *(.noinit.$RAM4*)
 *(.noinit.$RamAHB16*)
                0x0000000020008000                . = ALIGN (0x4)

.noinit_RAM5    0x000000002000c000        0x0
 *(.noinit.$RAM5*)
 *(.noinit.$RamAHB_ETB16*)
                0x000000002000c000                . = ALIGN (0x4)

.noinit         0x00000000100000f8        0x0
                0x00000000100000f8                _noinit = .
 *(.noinit*)
                0x00000000100000f8                . = ALIGN (0x4)
                0x00000000100000f8                _end_noinit = .
                [!provide]                        PROVIDE (_pvHeapStart = DEFINED (__user_heap_base)?__user_heap_base:.)
                0x0000000010008000                PROVIDE (_vStackTop = DEFINED (__user_stack_top)?__user_stack_top:(__top_RamLoc32 - 0x0))
                0xffffffff53ff6692                PROVIDE (__valid_user_code_checksum = (0x0 - ((((((_vStackTop + (ResetISR + 0x1)) + (NMI_Handler + 0x1)) + (HardFault_Handler + 0x1)) + (DEFINED (MemManage_Handler)?MemManage_Handler:0x0 + 0x1)) + (DEFINED (BusFault_Handler)?BusFault_Handler:0x0 + 0x1)) + (DEFINED (UsageFault_Handler)?UsageFault_Handler:0x0 + 0x1))))
OUTPUT(build/bin/bases_ramas_tps.elf elf32-littlearm)
LOAD linker stubs

.ARM.attributes
                0x0000000000000000       0x2e
 .ARM.attributes
                0x0000000000000000       0x1e /usr/local/share/gcc-arm-none-eabi-10.3-2021.10/bin/../lib/gcc/arm-none-eabi/10.3.1/thumb/v7e-m+fp/softfp/crti.o
 .ARM.attributes
                0x000000000000001e       0x32 build/obj/src/bsp.o
 .ARM.attributes
                0x0000000000000050       0x32 build/obj/src/digital.o
 .ARM.attributes
                0x0000000000000082       0x32 build/obj/src/main.o
 .ARM.attributes
                0x00000000000000b4       0x32 build/obj/src/pantalla.o
 .ARM.attributes
                0x00000000000000e6       0x32 build/obj/src/reloj_lib.o
 .ARM.attributes
                0x0000000000000118       0x32 build/obj/external/base/soc/lpc43xx/startup/cr_startup_lpc43xx.o
 .ARM.attributes
                0x000000000000014a       0x32 build/lib/board/edu-ciaa-nxp.a(chip_18xx_43xx.o)
 .ARM.attributes
                0x000000000000017c       0x32 build/lib/board/edu-ciaa-nxp.a(clock_18xx_43xx.o)
 .ARM.attributes
                0x00000000000001ae       0x32 build/lib/board/edu-ciaa-nxp.a(board.o)
 .ARM.attributes
                0x00000000000001e0       0x32 /usr/local/share/gcc-arm-none-eabi-10.3-2021.10/bin/../lib/gcc/arm-none-eabi/10.3.1/../../../../arm-none-eabi/lib/thumb/v7e-m+fp/softfp/libc_nano.a(lib_a-memcmp.o)
 .ARM.attributes
                0x0000000000000212       0x32 /usr/local/share/gcc-arm-none-eabi-10.3-2021.10/bin/../lib/gcc/arm-none-eabi/10.3.1/../../../../arm-none-eabi/lib/thumb/v7e-m+fp/softfp/libc_nano.a(lib_a-memcpy-stub.o)
 .ARM.attributes
                0x0000000000000244       0x32 /usr/local/share/gcc-arm-none-eabi-10.3-2021.10/bin/../lib/gcc/arm-none-eabi/10.3.1/../../../../arm-none-eabi/lib/thumb/v7e-m+fp/softfp/libc_nano.a(lib_a-memset.o)

.comment        0x0000000000000000       0x49
 .comment       0x0000000000000000       0x49 build/obj/src/bsp.o
                                         0x4a (size before relaxing)
 .comment       0x0000000000000049       0x4a build/obj/src/digital.o
 .comment       0x0000000000000049       0x4a build/obj/src/main.o
 .comment       0x0000000000000049       0x4a build/obj/src/pantalla.o
 .comment       0x0000000000000049       0x4a build/obj/src/reloj_lib.o
 .comment       0x0000000000000049       0x4a build/obj/external/base/soc/lpc43xx/startup/cr_startup_lpc43xx.o
 .comment       0x0000000000000049       0x4a build/lib/board/edu-ciaa-nxp.a(chip_18xx_43xx.o)
 .comment       0x0000000000000049       0x4a build/lib/board/edu-ciaa-nxp.a(clock_18xx_43xx.o)
 .comment       0x0000000000000049       0x4a build/lib/board/edu-ciaa-nxp.a(board.o)

.debug_info     0x0000000000000000     0x546b
 .debug_info    0x0000000000000000     0x114c build/obj/src/bsp.o
 .debug_info    0x000000000000114c      0x6d8 build/obj/src/digital.o
 .debug_info    0x0000000000001824      0x34b build/obj/src/main.o
 .debug_info    0x0000000000001b6f      0x30e build/obj/src/pantalla.o
 .debug_info    0x0000000000001e7d      0x4e1 build/obj/src/reloj_lib.o
 .debug_info    0x000000000000235e      0x2d9 build/obj/external/base/soc/lpc43xx/startup/cr_startup_lpc43xx.o
 .debug_info    0x0000000000002637      0xa65 build/lib/board/edu-ciaa-nxp.a(chip_18xx_43xx.o)
 .debug_info    0x000000000000309c     0x1678 build/lib/board/edu-ciaa-nxp.a(clock_18xx_43xx.o)
 .debug_info    0x0000000000004714      0xd57 build/lib/board/edu-ciaa-nxp.a(board.o)

.debug_abbrev   0x0000000000000000      0xfa1
 .debug_abbrev  0x0000000000000000      0x2b7 build/obj/src/bsp.o
 .debug_abbrev  0x00000000000002b7      0x1fa build/obj/src/digital.o
 .debug_abbrev  0x00000000000004b1      0x117 build/obj/src/main.o
 .debug_abbrev  0x00000000000005c8      0x137 build/obj/src/pantalla.o
 .debug_abbrev  0x00000000000006ff      0x130 build/obj/src/reloj_lib.o
 .debug_abbrev  0x000000000000082f      0x12b build/obj/external/base/soc/lpc43xx/startup/cr_startup_lpc43xx.o
 .debug_abbrev  0x000000000000095a      0x173 build/lib/board/edu-ciaa-nxp.a(chip_18xx_43xx.o)
 .debug_abbrev  0x0000000000000acd      0x2fc build/lib/board/edu-ciaa-nxp.a(clock_18xx_43xx.o)
 .debug_abbrev  0x0000000000000dc9      0x1d8 build/lib/board/edu-ciaa-nxp.a(board.o)

.debug_aranges  0x0000000000000000      0x458
 .debug_aranges
                0x0000000000000000       0x70 build/obj/src/bsp.o
 .debug_aranges
                0x0000000000000070       0xa0 build/obj/src/digital.o
 .debug_aranges
                0x0000000000000110       0x30 build/obj/src/main.o
 .debug_aranges
                0x0000000000000140       0x38 build/obj/src/pantalla.o
 .debug_aranges
                0x0000000000000178       0x90 build/obj/src/reloj_lib.o
 .debug_aranges
                0x0000000000000208       0x80 build/obj/external/base/soc/lpc43xx/startup/cr_startup_lpc43xx.o
 .debug_aranges
                0x0000000000000288       0x40 build/lib/board/edu-ciaa-nxp.a(chip_18xx_43xx.o)
 .debug_aranges
                0x00000000000002c8      0x138 build/lib/board/edu-ciaa-nxp.a(clock_18xx_43xx.o)
 .debug_aranges
                0x0000000000000400       0x58 build/lib/board/edu-ciaa-nxp.a(board.o)

.debug_ranges   0x0000000000000000      0x3f8
 .debug_ranges  0x0000000000000000       0x60 build/obj/src/bsp.o
 .debug_ranges  0x0000000000000060       0x90 build/obj/src/digital.o
 .debug_ranges  0x00000000000000f0       0x20 build/obj/src/main.o
 .debug_ranges  0x0000000000000110       0x40 build/obj/src/pantalla.o
 .debug_ranges  0x0000000000000150       0x80 build/obj/src/reloj_lib.o
 .debug_ranges  0x00000000000001d0       0x70 build/obj/external/base/soc/lpc43xx/startup/cr_startup_lpc43xx.o
 .debug_ranges  0x0000000000000240       0x30 build/lib/board/edu-ciaa-nxp.a(chip_18xx_43xx.o)
 .debug_ranges  0x0000000000000270      0x140 build/lib/board/edu-ciaa-nxp.a(clock_18xx_43xx.o)
 .debug_ranges  0x00000000000003b0       0x48 build/lib/board/edu-ciaa-nxp.a(board.o)

.debug_macro    0x0000000000000000     0x7117
 .debug_macro   0x0000000000000000      0x33f build/obj/src/bsp.o
 .debug_macro   0x000000000000033f      0xaba build/obj/src/bsp.o
 .debug_macro   0x0000000000000df9       0x10 build/obj/src/bsp.o
 .debug_macro   0x0000000000000e09       0x22 build/obj/src/bsp.o
 .debug_macro   0x0000000000000e2b       0x8e build/obj/src/bsp.o
 .debug_macro   0x0000000000000eb9       0x51 build/obj/src/bsp.o
 .debug_macro   0x0000000000000f0a      0x103 build/obj/src/bsp.o
 .debug_macro   0x000000000000100d       0x6a build/obj/src/bsp.o
 .debug_macro   0x0000000000001077      0x1df build/obj/src/bsp.o
 .debug_macro   0x0000000000001256       0x22 build/obj/src/bsp.o
 .debug_macro   0x0000000000001278       0x73 build/obj/src/bsp.o
 .debug_macro   0x00000000000012eb       0x28 build/obj/src/bsp.o
 .debug_macro   0x0000000000001313       0x1c build/obj/src/bsp.o
 .debug_macro   0x000000000000132f       0x22 build/obj/src/bsp.o
 .debug_macro   0x0000000000001351       0xfb build/obj/src/bsp.o
 .debug_macro   0x000000000000144c     0x1011 build/obj/src/bsp.o
 .debug_macro   0x000000000000245d      0x11f build/obj/src/bsp.o
 .debug_macro   0x000000000000257c      0x2c3 build/obj/src/bsp.o
 .debug_macro   0x000000000000283f      0x112 build/obj/src/bsp.o
 .debug_macro   0x0000000000002951       0x11 build/obj/src/bsp.o
 .debug_macro   0x0000000000002962       0x2a build/obj/src/bsp.o
 .debug_macro   0x000000000000298c       0x16 build/obj/src/bsp.o
 .debug_macro   0x00000000000029a2      0x2e6 build/obj/src/bsp.o
 .debug_macro   0x0000000000002c88       0x82 build/obj/src/bsp.o
 .debug_macro   0x0000000000002d0a      0x13d build/obj/src/bsp.o
 .debug_macro   0x0000000000002e47      0x198 build/obj/src/bsp.o
 .debug_macro   0x0000000000002fdf       0x34 build/obj/src/bsp.o
 .debug_macro   0x0000000000003013       0x58 build/obj/src/bsp.o
 .debug_macro   0x000000000000306b      0x236 build/obj/src/bsp.o
 .debug_macro   0x00000000000032a1      0x572 build/obj/src/bsp.o
 .debug_macro   0x0000000000003813       0x16 build/obj/src/bsp.o
 .debug_macro   0x0000000000003829      0x18a build/obj/src/bsp.o
 .debug_macro   0x00000000000039b3       0x88 build/obj/src/bsp.o
 .debug_macro   0x0000000000003a3b      0x1b9 build/obj/src/bsp.o
 .debug_macro   0x0000000000003bf4      0x1da build/obj/src/bsp.o
 .debug_macro   0x0000000000003dce       0x40 build/obj/src/bsp.o
 .debug_macro   0x0000000000003e0e       0x1c build/obj/src/bsp.o
 .debug_macro   0x0000000000003e2a       0x2e build/obj/src/bsp.o
 .debug_macro   0x0000000000003e58       0x2e build/obj/src/bsp.o
 .debug_macro   0x0000000000003e86       0x22 build/obj/src/bsp.o
 .debug_macro   0x0000000000003ea8      0x201 build/obj/src/bsp.o
 .debug_macro   0x00000000000040a9       0xe0 build/obj/src/bsp.o
 .debug_macro   0x0000000000004189      0x34c build/obj/src/bsp.o
 .debug_macro   0x00000000000044d5       0xdc build/obj/src/bsp.o
 .debug_macro   0x00000000000045b1       0xc4 build/obj/src/bsp.o
 .debug_macro   0x0000000000004675       0x8f build/obj/src/bsp.o
 .debug_macro   0x0000000000004704       0x94 build/obj/src/bsp.o
 .debug_macro   0x0000000000004798       0xb8 build/obj/src/bsp.o
 .debug_macro   0x0000000000004850       0x4c build/obj/src/bsp.o
 .debug_macro   0x000000000000489c       0x16 build/obj/src/bsp.o
 .debug_macro   0x00000000000048b2      0x328 build/obj/src/bsp.o
 .debug_macro   0x0000000000004bda       0x3a build/obj/src/bsp.o
 .debug_macro   0x0000000000004c14       0xd0 build/obj/src/bsp.o
 .debug_macro   0x0000000000004ce4       0x18 build/obj/src/bsp.o
 .debug_macro   0x0000000000004cfc       0x22 build/obj/src/bsp.o
 .debug_macro   0x0000000000004d1e       0x40 build/obj/src/bsp.o
 .debug_macro   0x0000000000004d5e       0x3a build/obj/src/bsp.o
 .debug_macro   0x0000000000004d98       0x22 build/obj/src/bsp.o
 .debug_macro   0x0000000000004dba      0x475 build/obj/src/bsp.o
 .debug_macro   0x000000000000522f      0x329 build/obj/src/digital.o
 .debug_macro   0x0000000000005558      0x355 build/obj/src/main.o
 .debug_macro   0x00000000000058ad       0x10 build/obj/src/main.o
 .debug_macro   0x00000000000058bd       0x16 build/obj/src/main.o
 .debug_macro   0x00000000000058d3      0x131 build/obj/src/pantalla.o
 .debug_macro   0x0000000000005a04       0x64 build/obj/src/pantalla.o
 .debug_macro   0x0000000000005a68       0x1e build/obj/src/pantalla.o
 .debug_macro   0x0000000000005a86       0x35 build/obj/src/pantalla.o
 .debug_macro   0x0000000000005abb       0x34 build/obj/src/pantalla.o
 .debug_macro   0x0000000000005aef      0x174 build/obj/src/pantalla.o
 .debug_macro   0x0000000000005c63       0x16 build/obj/src/pantalla.o
 .debug_macro   0x0000000000005c79       0x43 build/obj/src/pantalla.o
 .debug_macro   0x0000000000005cbc       0x34 build/obj/src/pantalla.o
 .debug_macro   0x0000000000005cf0       0x10 build/obj/src/pantalla.o
 .debug_macro   0x0000000000005d00       0x58 build/obj/src/pantalla.o
 .debug_macro   0x0000000000005d58      0x182 build/obj/src/pantalla.o
 .debug_macro   0x0000000000005eda      0x341 build/obj/src/pantalla.o
 .debug_macro   0x000000000000621b       0x10 build/obj/src/pantalla.o
 .debug_macro   0x000000000000622b       0x35 build/obj/src/pantalla.o
 .debug_macro   0x0000000000006260      0x134 build/obj/src/reloj_lib.o
 .debug_macro   0x0000000000006394       0x1d build/obj/external/base/soc/lpc43xx/startup/cr_startup_lpc43xx.o
 .debug_macro   0x00000000000063b1      0x320 build/lib/board/edu-ciaa-nxp.a(chip_18xx_43xx.o)
 .debug_macro   0x00000000000066d1      0x326 build/lib/board/edu-ciaa-nxp.a(clock_18xx_43xx.o)
 .debug_macro   0x00000000000069f7      0x3f1 build/lib/board/edu-ciaa-nxp.a(board.o)
 .debug_macro   0x0000000000006de8      0x13f build/lib/board/edu-ciaa-nxp.a(board.o)
 .debug_macro   0x0000000000006f27       0x16 build/lib/board/edu-ciaa-nxp.a(board.o)
 .debug_macro   0x0000000000006f3d      0x10e build/lib/board/edu-ciaa-nxp.a(board.o)
 .debug_macro   0x000000000000704b       0x8d build/lib/board/edu-ciaa-nxp.a(board.o)
 .debug_macro   0x00000000000070d8       0x16 build/lib/board/edu-ciaa-nxp.a(board.o)
 .debug_macro   0x00000000000070ee       0x29 build/lib/board/edu-ciaa-nxp.a(board.o)

.debug_line     0x0000000000000000     0x5224
 .debug_line    0x0000000000000000      0xb1b build/obj/src/bsp.o
 .debug_line    0x0000000000000b1b      0xb4c build/obj/src/digital.o
 .debug_line    0x0000000000001667      0x953 build/obj/src/main.o
 .debug_line    0x0000000000001fba      0x42a build/obj/src/pantalla.o
 .debug_line    0x00000000000023e4      0x68b build/obj/src/reloj_lib.o
 .debug_line    0x0000000000002a6f      0x218 build/obj/external/base/soc/lpc43xx/startup/cr_startup_lpc43xx.o
 .debug_line    0x0000000000002c87      0x908 build/lib/board/edu-ciaa-nxp.a(chip_18xx_43xx.o)
 .debug_line    0x000000000000358f     0x1205 build/lib/board/edu-ciaa-nxp.a(clock_18xx_43xx.o)
 .debug_line    0x0000000000004794      0xa90 build/lib/board/edu-ciaa-nxp.a(board.o)

.debug_str      0x0000000000000000    0x1c582
 .debug_str     0x0000000000000000    0x18805 build/obj/src/bsp.o
                                      0x18a59 (size before relaxing)
 .debug_str     0x0000000000018805      0x1fc build/obj/src/digital.o
                                      0x16d5f (size before relaxing)
 .debug_str     0x0000000000018a01       0xc3 build/obj/src/main.o
                                      0x17aad (size before relaxing)
 .debug_str     0x0000000000018ac4     0x2bb2 build/obj/src/pantalla.o
                                       0x69f0 (size before relaxing)
 .debug_str     0x000000000001b676      0x1c9 build/obj/src/reloj_lib.o
                                       0x6a2d (size before relaxing)
 .debug_str     0x000000000001b83f      0x21e build/obj/external/base/soc/lpc43xx/startup/cr_startup_lpc43xx.o
                                       0x2fa6 (size before relaxing)
 .debug_str     0x000000000001ba5d      0x2d0 build/lib/board/edu-ciaa-nxp.a(chip_18xx_43xx.o)
                                      0x17823 (size before relaxing)
 .debug_str     0x000000000001bd2d      0x68f build/lib/board/edu-ciaa-nxp.a(clock_18xx_43xx.o)
                                      0x17db0 (size before relaxing)
 .debug_str     0x000000000001c3bc      0x1c6 build/lib/board/edu-ciaa-nxp.a(board.o)
                                      0x1a7eb (size before relaxing)

.debug_frame    0x0000000000000000     0x10c4
 .debug_frame   0x0000000000000000      0x1ac build/obj/src/bsp.o
 .debug_frame   0x00000000000001ac      0x294 build/obj/src/digital.o
 .debug_frame   0x0000000000000440       0x78 build/obj/src/main.o
 .debug_frame   0x00000000000004b8       0x9c build/obj/src/pantalla.o
 .debug_frame   0x0000000000000554      0x24c build/obj/src/reloj_lib.o
 .debug_frame   0x00000000000007a0      0x170 build/obj/external/base/soc/lpc43xx/startup/cr_startup_lpc43xx.o
 .debug_frame   0x0000000000000910       0xa0 build/lib/board/edu-ciaa-nxp.a(chip_18xx_43xx.o)
 .debug_frame   0x00000000000009b0      0x568 build/lib/board/edu-ciaa-nxp.a(clock_18xx_43xx.o)
 .debug_frame   0x0000000000000f18      0x13c build/lib/board/edu-ciaa-nxp.a(board.o)
 .debug_frame   0x0000000000001054       0x28 /usr/local/share/gcc-arm-none-eabi-10.3-2021.10/bin/../lib/gcc/arm-none-eabi/10.3.1/../../../../arm-none-eabi/lib/thumb/v7e-m+fp/softfp/libc_nano.a(lib_a-memcmp.o)
 .debug_frame   0x000000000000107c       0x28 /usr/local/share/gcc-arm-none-eabi-10.3-2021.10/bin/../lib/gcc/arm-none-eabi/10.3.1/../../../../arm-none-eabi/lib/thumb/v7e-m+fp/softfp/libc_nano.a(lib_a-memcpy-stub.o)
 .debug_frame   0x00000000000010a4       0x20 /usr/local/share/gcc-arm-none-eabi-10.3-2021.10/bin/../lib/gcc/arm-none-eabi/10.3.1/../../../../arm-none-eabi/lib/thumb/v7e-m+fp/softfp/libc_nano.a(lib_a-memset.o)

Cross Reference Table

Symbol                                            File
ADC0_IRQHandler                                   build/obj/external/base/soc/lpc43xx/startup/cr_startup_lpc43xx.o
ADC1_IRQHandler                                   build/obj/external/base/soc/lpc43xx/startup/cr_startup_lpc43xx.o
ATIMER_IRQHandler                                 build/obj/external/base/soc/lpc43xx/startup/cr_startup_lpc43xx.o
ActualizarHora                                    build/obj/src/reloj_lib.o
                                                  build/obj/src/main.o
AlarmaActivar                                     build/obj/src/reloj_lib.o
AumentarPulsos                                    build/obj/src/reloj_lib.o
BoardCreate                                       build/obj/src/bsp.o
                                                  build/obj/src/main.o
BoardSetup                                        build/lib/board/edu-ciaa-nxp.a(board.o)
BusFault_Handler                                  build/obj/external/base/soc/lpc43xx/startup/cr_startup_lpc43xx.o
CAN0_IRQHandler                                   build/obj/external/base/soc/lpc43xx/startup/cr_startup_lpc43xx.o
CAN1_IRQHandler                                   build/obj/external/base/soc/lpc43xx/startup/cr_startup_lpc43xx.o
Cada_Segundo                                      build/obj/src/reloj_lib.o
Chip_Clock_CalcMainPLLValue                       build/lib/board/edu-ciaa-nxp.a(clock_18xx_43xx.o)
                                                  build/lib/board/edu-ciaa-nxp.a(sysinit_18xx_43xx.o)
Chip_Clock_ClearPowerDown                         build/lib/board/edu-ciaa-nxp.a(clock_18xx_43xx.o)
Chip_Clock_Disable                                build/lib/board/edu-ciaa-nxp.a(clock_18xx_43xx.o)
Chip_Clock_DisableBaseClock                       build/lib/board/edu-ciaa-nxp.a(clock_18xx_43xx.o)
Chip_Clock_DisableCrystal                         build/lib/board/edu-ciaa-nxp.a(clock_18xx_43xx.o)
Chip_Clock_DisablePLL                             build/lib/board/edu-ciaa-nxp.a(clock_18xx_43xx.o)
Chip_Clock_Enable                                 build/lib/board/edu-ciaa-nxp.a(clock_18xx_43xx.o)
Chip_Clock_EnableBaseClock                        build/lib/board/edu-ciaa-nxp.a(clock_18xx_43xx.o)
                                                  build/lib/board/edu-ciaa-nxp.a(chip_18xx_43xx.o)
Chip_Clock_EnableCrystal                          build/lib/board/edu-ciaa-nxp.a(clock_18xx_43xx.o)
                                                  build/lib/board/edu-ciaa-nxp.a(sysinit_18xx_43xx.o)
Chip_Clock_EnableOpts                             build/lib/board/edu-ciaa-nxp.a(clock_18xx_43xx.o)
                                                  build/lib/board/edu-ciaa-nxp.a(chip_18xx_43xx.o)
Chip_Clock_EnablePLL                              build/lib/board/edu-ciaa-nxp.a(clock_18xx_43xx.o)
                                                  build/lib/board/edu-ciaa-nxp.a(chip_18xx_43xx.o)
Chip_Clock_GetBaseClock                           build/lib/board/edu-ciaa-nxp.a(clock_18xx_43xx.o)
Chip_Clock_GetBaseClockOpts                       build/lib/board/edu-ciaa-nxp.a(clock_18xx_43xx.o)
Chip_Clock_GetBaseClocktHz                        build/lib/board/edu-ciaa-nxp.a(clock_18xx_43xx.o)
Chip_Clock_GetClockInputHz                        build/lib/board/edu-ciaa-nxp.a(clock_18xx_43xx.o)
                                                  build/lib/board/edu-ciaa-nxp.a(chip_18xx_43xx.o)
Chip_Clock_GetDividerDivisor                      build/lib/board/edu-ciaa-nxp.a(clock_18xx_43xx.o)
Chip_Clock_GetDividerSource                       build/lib/board/edu-ciaa-nxp.a(clock_18xx_43xx.o)
Chip_Clock_GetEMCRate                             build/lib/board/edu-ciaa-nxp.a(clock_18xx_43xx.o)
Chip_Clock_GetMainPLLHz                           build/lib/board/edu-ciaa-nxp.a(clock_18xx_43xx.o)
Chip_Clock_GetPLLStatus                           build/lib/board/edu-ciaa-nxp.a(clock_18xx_43xx.o)
                                                  build/lib/board/edu-ciaa-nxp.a(chip_18xx_43xx.o)
Chip_Clock_GetRate                                build/lib/board/edu-ciaa-nxp.a(clock_18xx_43xx.o)
                                                  build/lib/board/edu-ciaa-nxp.a(chip_18xx_43xx.o)
Chip_Clock_IsBaseClockEnabled                     build/lib/board/edu-ciaa-nxp.a(clock_18xx_43xx.o)
Chip_Clock_RTCEnable                              build/lib/board/edu-ciaa-nxp.a(clock_18xx_43xx.o)
Chip_Clock_SetBaseClock                           build/lib/board/edu-ciaa-nxp.a(clock_18xx_43xx.o)
                                                  build/lib/board/edu-ciaa-nxp.a(sysinit_18xx_43xx.o)
                                                  build/lib/board/edu-ciaa-nxp.a(board.o)
                                                  build/lib/board/edu-ciaa-nxp.a(chip_18xx_43xx.o)
Chip_Clock_SetDivider                             build/lib/board/edu-ciaa-nxp.a(clock_18xx_43xx.o)
                                                  build/lib/board/edu-ciaa-nxp.a(chip_18xx_43xx.o)
Chip_Clock_SetupMainPLLHz                         build/lib/board/edu-ciaa-nxp.a(clock_18xx_43xx.o)
Chip_Clock_SetupMainPLLMult                       build/lib/board/edu-ciaa-nxp.a(clock_18xx_43xx.o)
Chip_Clock_SetupPLL                               build/lib/board/edu-ciaa-nxp.a(clock_18xx_43xx.o)
                                                  build/lib/board/edu-ciaa-nxp.a(chip_18xx_43xx.o)
Chip_Clock_StartPowerDown                         build/lib/board/edu-ciaa-nxp.a(clock_18xx_43xx.o)
Chip_SetupCoreClock                               build/lib/board/edu-ciaa-nxp.a(sysinit_18xx_43xx.o)
                                                  build/lib/board/edu-ciaa-nxp.a(board.o)
Chip_SetupIrcClocking                             build/lib/board/edu-ciaa-nxp.a(sysinit_18xx_43xx.o)
Chip_SetupXtalClocking                            build/lib/board/edu-ciaa-nxp.a(sysinit_18xx_43xx.o)
Chip_SystemInit                                   build/lib/board/edu-ciaa-nxp.a(sysinit_18xx_43xx.o)
Chip_USB0_Init                                    build/lib/board/edu-ciaa-nxp.a(chip_18xx_43xx.o)
Chip_USB1_Init                                    build/lib/board/edu-ciaa-nxp.a(chip_18xx_43xx.o)
ConfigurarHora                                    build/obj/src/reloj_lib.o
                                                  build/obj/src/main.o
ConfigurarPulsos                                  build/obj/src/reloj_lib.o
ConsultarHoraAlarma                               build/obj/src/reloj_lib.o
CrearReloj                                        build/obj/src/reloj_lib.o
                                                  build/obj/src/main.o
DAC_IRQHandler                                    build/obj/external/base/soc/lpc43xx/startup/cr_startup_lpc43xx.o
DMA_IRQHandler                                    build/obj/external/base/soc/lpc43xx/startup/cr_startup_lpc43xx.o
DarHora                                           build/obj/src/reloj_lib.o
                                                  build/obj/src/main.o
DebugMon_Handler                                  build/obj/external/base/soc/lpc43xx/startup/cr_startup_lpc43xx.o
DigitTurnOn                                       build/obj/src/bsp.o
DigitalInputCreate                                build/obj/src/digital.o
                                                  build/obj/src/bsp.o
DigitalInputState                                 build/obj/src/digital.o
                                                  build/obj/src/main.o
DigitalInputhasActivated                          build/obj/src/digital.o
DigitalInputhasChanged                            build/obj/src/digital.o
DigitalInputhasDesactivated                       build/obj/src/digital.o
DigitalOutPutActivate                             build/obj/src/digital.o
DigitalOutPutDesactivate                          build/obj/src/digital.o
DigitalOutPutToggle                               build/obj/src/digital.o
DigitalOutputAllocate                             build/obj/src/digital.o
Digital_OutputCreate                              build/obj/src/digital.o
                                                  build/obj/src/bsp.o
DigitalinputAllocate                              build/obj/src/digital.o
DisplayCreate                                     build/obj/src/pantalla.o
                                                  build/obj/src/bsp.o
DisplayRefresh                                    build/obj/src/pantalla.o
                                                  build/obj/src/main.o
DisplayWriteBCD                                   build/obj/src/pantalla.o
                                                  build/obj/src/main.o
ETH_IRQHandler                                    build/obj/external/base/soc/lpc43xx/startup/cr_startup_lpc43xx.o
EVRT_IRQHandler                                   build/obj/external/base/soc/lpc43xx/startup/cr_startup_lpc43xx.o
EstadoActualAlarma                                build/obj/src/reloj_lib.o
ExtRateIn                                         build/lib/board/edu-ciaa-nxp.a(board.o)
                                                  build/lib/board/edu-ciaa-nxp.a(clock_18xx_43xx.o)
FLASH_EEPROM_IRQHandler                           build/obj/external/base/soc/lpc43xx/startup/cr_startup_lpc43xx.o
FijarAlarma                                       build/obj/src/reloj_lib.o
GINT0_IRQHandler                                  build/obj/external/base/soc/lpc43xx/startup/cr_startup_lpc43xx.o
GINT1_IRQHandler                                  build/obj/external/base/soc/lpc43xx/startup/cr_startup_lpc43xx.o
GPIO0_IRQHandler                                  build/obj/external/base/soc/lpc43xx/startup/cr_startup_lpc43xx.o
GPIO1_IRQHandler                                  build/obj/external/base/soc/lpc43xx/startup/cr_startup_lpc43xx.o
GPIO2_IRQHandler                                  build/obj/external/base/soc/lpc43xx/startup/cr_startup_lpc43xx.o
GPIO3_IRQHandler                                  build/obj/external/base/soc/lpc43xx/startup/cr_startup_lpc43xx.o
GPIO4_IRQHandler                                  build/obj/external/base/soc/lpc43xx/startup/cr_startup_lpc43xx.o
GPIO5_IRQHandler                                  build/obj/external/base/soc/lpc43xx/startup/cr_startup_lpc43xx.o
GPIO6_IRQHandler                                  build/obj/external/base/soc/lpc43xx/startup/cr_startup_lpc43xx.o
GPIO7_IRQHandler                                  build/obj/external/base/soc/lpc43xx/startup/cr_startup_lpc43xx.o
GestionAlarma                                     build/obj/src/reloj_lib.o
HardFault_Handler                                 build/obj/external/base/soc/lpc43xx/startup/cr_startup_lpc43xx.o
I2C0_IRQHandler                                   build/obj/external/base/soc/lpc43xx/startup/cr_startup_lpc43xx.o
I2C1_IRQHandler                                   build/obj/external/base/soc/lpc43xx/startup/cr_startup_lpc43xx.o
I2S0_IRQHandler                                   build/obj/external/base/soc/lpc43xx/startup/cr_startup_lpc43xx.o
I2S1_IRQHandler                                   build/obj/external/base/soc/lpc43xx/startup/cr_startup_lpc43xx.o
IntDefaultHandler                                 build/obj/external/base/soc/lpc43xx/startup/cr_startup_lpc43xx.o
LCD_IRQHandler                                    build/obj/external/base/soc/lpc43xx/startup/cr_startup_lpc43xx.o
M0CORE_IRQHandler                                 build/obj/external/base/soc/lpc43xx/startup/cr_startup_lpc43xx.o
M0SUB_IRQHandler                                  build/obj/external/base/soc/lpc43xx/startup/cr_startup_lpc43xx.o
MCPWM_IRQHandler                                  build/obj/external/base/soc/lpc43xx/startup/cr_startup_lpc43xx.o
MemManage_Handler                                 build/obj/external/base/soc/lpc43xx/startup/cr_startup_lpc43xx.o
NMI_Handler                                       build/obj/external/base/soc/lpc43xx/startup/cr_startup_lpc43xx.o
OscRateIn                                         build/lib/board/edu-ciaa-nxp.a(board.o)
                                                  build/lib/board/edu-ciaa-nxp.a(clock_18xx_43xx.o)
PendSV_Handler                                    build/obj/external/base/soc/lpc43xx/startup/cr_startup_lpc43xx.o
PosponerAlarma                                    build/obj/src/reloj_lib.o
PosponerAlarmaDia                                 build/obj/src/reloj_lib.o
QEI_IRQHandler                                    build/obj/external/base/soc/lpc43xx/startup/cr_startup_lpc43xx.o
RIT_IRQHandler                                    build/obj/external/base/soc/lpc43xx/startup/cr_startup_lpc43xx.o
RTC_IRQHandler                                    build/obj/external/base/soc/lpc43xx/startup/cr_startup_lpc43xx.o
ResetISR                                          build/obj/external/base/soc/lpc43xx/startup/cr_startup_lpc43xx.o
SCT_IRQHandler                                    build/obj/external/base/soc/lpc43xx/startup/cr_startup_lpc43xx.o
SDIO_IRQHandler                                   build/obj/external/base/soc/lpc43xx/startup/cr_startup_lpc43xx.o
SGPIO_IRQHandler                                  build/obj/external/base/soc/lpc43xx/startup/cr_startup_lpc43xx.o
SPIFI_IRQHandler                                  build/obj/external/base/soc/lpc43xx/startup/cr_startup_lpc43xx.o
SPI_IRQHandler                                    build/obj/external/base/soc/lpc43xx/startup/cr_startup_lpc43xx.o
SSP0_IRQHandler                                   build/obj/external/base/soc/lpc43xx/startup/cr_startup_lpc43xx.o
SSP1_IRQHandler                                   build/obj/external/base/soc/lpc43xx/startup/cr_startup_lpc43xx.o
SVC_Handler                                       build/obj/external/base/soc/lpc43xx/startup/cr_startup_lpc43xx.o
ScreenTurnOff                                     build/obj/src/bsp.o
SegmentsTurnOn                                    build/obj/src/bsp.o
SysTick_Handler                                   build/obj/src/main.o
SysTick_Init                                      build/obj/src/bsp.o
                                                  build/obj/src/main.o
SystemCoreClock                                   build/lib/board/edu-ciaa-nxp.a(chip_18xx_43xx.o)
                                                  build/obj/src/bsp.o
SystemCoreClockUpdate                             build/lib/board/edu-ciaa-nxp.a(chip_18xx_43xx.o)
                                                  build/lib/board/edu-ciaa-nxp.a(board.o)
                                                  build/obj/src/bsp.o
TIMER0_IRQHandler                                 build/obj/external/base/soc/lpc43xx/startup/cr_startup_lpc43xx.o
TIMER1_IRQHandler                                 build/obj/external/base/soc/lpc43xx/startup/cr_startup_lpc43xx.o
TIMER2_IRQHandler                                 build/obj/external/base/soc/lpc43xx/startup/cr_startup_lpc43xx.o
TIMER3_IRQHandler                                 build/obj/external/base/soc/lpc43xx/startup/cr_startup_lpc43xx.o
UART0_IRQHandler                                  build/obj/external/base/soc/lpc43xx/startup/cr_startup_lpc43xx.o
UART1_IRQHandler                                  build/obj/external/base/soc/lpc43xx/startup/cr_startup_lpc43xx.o
UART2_IRQHandler                                  build/obj/external/base/soc/lpc43xx/startup/cr_startup_lpc43xx.o
UART3_IRQHandler                                  build/obj/external/base/soc/lpc43xx/startup/cr_startup_lpc43xx.o
USB0_IRQHandler                                   build/obj/external/base/soc/lpc43xx/startup/cr_startup_lpc43xx.o
USB1_IRQHandler                                   build/obj/external/base/soc/lpc43xx/startup/cr_startup_lpc43xx.o
UsageFault_Handler                                build/obj/external/base/soc/lpc43xx/startup/cr_startup_lpc43xx.o
VADC_IRQHandler                                   build/obj/external/base/soc/lpc43xx/startup/cr_startup_lpc43xx.o
WDT_IRQHandler                                    build/obj/external/base/soc/lpc43xx/startup/cr_startup_lpc43xx.o
__bss_end__                                       /usr/local/share/gcc-arm-none-eabi-10.3-2021.10/bin/../lib/gcc/arm-none-eabi/10.3.1/../../../../arm-none-eabi/lib/thumb/v7e-m+fp/softfp/crt0.o
__bss_section_table_end                           build/obj/external/base/soc/lpc43xx/startup/cr_startup_lpc43xx.o
__bss_start__                                     /usr/local/share/gcc-arm-none-eabi-10.3-2021.10/bin/../lib/gcc/arm-none-eabi/10.3.1/../../../../arm-none-eabi/lib/thumb/v7e-m+fp/softfp/crt0.o
__call_exitprocs                                  /usr/local/share/gcc-arm-none-eabi-10.3-2021.10/bin/../lib/gcc/arm-none-eabi/10.3.1/../../../../arm-none-eabi/lib/thumb/v7e-m+fp/softfp/libc_nano.a(lib_a-exit.o)
__data_section_table                              build/obj/external/base/soc/lpc43xx/startup/cr_startup_lpc43xx.o
__data_section_table_end                          build/obj/external/base/soc/lpc43xx/startup/cr_startup_lpc43xx.o
__deregister_frame_info                           /usr/local/share/gcc-arm-none-eabi-10.3-2021.10/bin/../lib/gcc/arm-none-eabi/10.3.1/thumb/v7e-m+fp/softfp/crtbegin.o
__dso_handle                                      /usr/local/share/gcc-arm-none-eabi-10.3-2021.10/bin/../lib/gcc/arm-none-eabi/10.3.1/thumb/v7e-m+fp/softfp/crtbegin.o
__init_array_end                                  /usr/local/share/gcc-arm-none-eabi-10.3-2021.10/bin/../lib/gcc/arm-none-eabi/10.3.1/../../../../arm-none-eabi/lib/thumb/v7e-m+fp/softfp/libc_nano.a(lib_a-init.o)
__init_array_start                                /usr/local/share/gcc-arm-none-eabi-10.3-2021.10/bin/../lib/gcc/arm-none-eabi/10.3.1/../../../../arm-none-eabi/lib/thumb/v7e-m+fp/softfp/libc_nano.a(lib_a-init.o)
__libc_fini_array                                 /usr/local/share/gcc-arm-none-eabi-10.3-2021.10/bin/../lib/gcc/arm-none-eabi/10.3.1/../../../../arm-none-eabi/lib/thumb/v7e-m+fp/softfp/crt0.o
__libc_init_array                                 /usr/local/share/gcc-arm-none-eabi-10.3-2021.10/bin/../lib/gcc/arm-none-eabi/10.3.1/../../../../arm-none-eabi/lib/thumb/v7e-m+fp/softfp/libc_nano.a(lib_a-init.o)
                                                  /usr/local/share/gcc-arm-none-eabi-10.3-2021.10/bin/../lib/gcc/arm-none-eabi/10.3.1/../../../../arm-none-eabi/lib/thumb/v7e-m+fp/softfp/crt0.o
__preinit_array_end                               /usr/local/share/gcc-arm-none-eabi-10.3-2021.10/bin/../lib/gcc/arm-none-eabi/10.3.1/../../../../arm-none-eabi/lib/thumb/v7e-m+fp/softfp/libc_nano.a(lib_a-init.o)
__preinit_array_start                             /usr/local/share/gcc-arm-none-eabi-10.3-2021.10/bin/../lib/gcc/arm-none-eabi/10.3.1/../../../../arm-none-eabi/lib/thumb/v7e-m+fp/softfp/libc_nano.a(lib_a-init.o)
__register_frame_info                             /usr/local/share/gcc-arm-none-eabi-10.3-2021.10/bin/../lib/gcc/arm-none-eabi/10.3.1/thumb/v7e-m+fp/softfp/crtbegin.o
__sf_fake_stderr                                  /usr/local/share/gcc-arm-none-eabi-10.3-2021.10/bin/../lib/gcc/arm-none-eabi/10.3.1/../../../../arm-none-eabi/lib/thumb/v7e-m+fp/softfp/libc_nano.a(lib_a-impure.o)
__sf_fake_stdin                                   /usr/local/share/gcc-arm-none-eabi-10.3-2021.10/bin/../lib/gcc/arm-none-eabi/10.3.1/../../../../arm-none-eabi/lib/thumb/v7e-m+fp/softfp/libc_nano.a(lib_a-impure.o)
__sf_fake_stdout                                  /usr/local/share/gcc-arm-none-eabi-10.3-2021.10/bin/../lib/gcc/arm-none-eabi/10.3.1/../../../../arm-none-eabi/lib/thumb/v7e-m+fp/softfp/libc_nano.a(lib_a-impure.o)
__stack                                           /usr/local/share/gcc-arm-none-eabi-10.3-2021.10/bin/../lib/gcc/arm-none-eabi/10.3.1/../../../../arm-none-eabi/lib/thumb/v7e-m+fp/softfp/crt0.o
__valid_user_code_checksum                        build/obj/external/base/soc/lpc43xx/startup/cr_startup_lpc43xx.o
_exit                                             /usr/local/share/gcc-arm-none-eabi-10.3-2021.10/bin/../lib/gcc/arm-none-eabi/10.3.1/../../../../arm-none-eabi/lib/thumb/v7e-m+fp/softfp/libnosys.a(_exit.o)
                                                  /usr/local/share/gcc-arm-none-eabi-10.3-2021.10/bin/../lib/gcc/arm-none-eabi/10.3.1/../../../../arm-none-eabi/lib/thumb/v7e-m+fp/softfp/libc_nano.a(lib_a-exit.o)
_fini                                             /usr/local/share/gcc-arm-none-eabi-10.3-2021.10/bin/../lib/gcc/arm-none-eabi/10.3.1/thumb/v7e-m+fp/softfp/crti.o
_global_impure_ptr                                /usr/local/share/gcc-arm-none-eabi-10.3-2021.10/bin/../lib/gcc/arm-none-eabi/10.3.1/../../../../arm-none-eabi/lib/thumb/v7e-m+fp/softfp/libc_nano.a(lib_a-impure.o)
                                                  /usr/local/share/gcc-arm-none-eabi-10.3-2021.10/bin/../lib/gcc/arm-none-eabi/10.3.1/../../../../arm-none-eabi/lib/thumb/v7e-m+fp/softfp/libc_nano.a(lib_a-exit.o)
_impure_ptr                                       /usr/local/share/gcc-arm-none-eabi-10.3-2021.10/bin/../lib/gcc/arm-none-eabi/10.3.1/../../../../arm-none-eabi/lib/thumb/v7e-m+fp/softfp/libc_nano.a(lib_a-impure.o)
_init                                             /usr/local/share/gcc-arm-none-eabi-10.3-2021.10/bin/../lib/gcc/arm-none-eabi/10.3.1/thumb/v7e-m+fp/softfp/crti.o
                                                  /usr/local/share/gcc-arm-none-eabi-10.3-2021.10/bin/../lib/gcc/arm-none-eabi/10.3.1/../../../../arm-none-eabi/lib/thumb/v7e-m+fp/softfp/libc_nano.a(lib_a-init.o)
_mainCRTStartup                                   /usr/local/share/gcc-arm-none-eabi-10.3-2021.10/bin/../lib/gcc/arm-none-eabi/10.3.1/../../../../arm-none-eabi/lib/thumb/v7e-m+fp/softfp/crt0.o
_stack_init                                       /usr/local/share/gcc-arm-none-eabi-10.3-2021.10/bin/../lib/gcc/arm-none-eabi/10.3.1/../../../../arm-none-eabi/lib/thumb/v7e-m+fp/softfp/crt0.o
_start                                            /usr/local/share/gcc-arm-none-eabi-10.3-2021.10/bin/../lib/gcc/arm-none-eabi/10.3.1/../../../../arm-none-eabi/lib/thumb/v7e-m+fp/softfp/crt0.o
_vStackTop                                        build/obj/external/base/soc/lpc43xx/startup/cr_startup_lpc43xx.o
atexit                                            /usr/local/share/gcc-arm-none-eabi-10.3-2021.10/bin/../lib/gcc/arm-none-eabi/10.3.1/../../../../arm-none-eabi/lib/thumb/v7e-m+fp/softfp/crt0.o
bss_init                                          build/obj/external/base/soc/lpc43xx/startup/cr_startup_lpc43xx.o
data_init                                         build/obj/external/base/soc/lpc43xx/startup/cr_startup_lpc43xx.o
delay                                             build/obj/src/main.o
exit                                              /usr/local/share/gcc-arm-none-eabi-10.3-2021.10/bin/../lib/gcc/arm-none-eabi/10.3.1/../../../../arm-none-eabi/lib/thumb/v7e-m+fp/softfp/libc_nano.a(lib_a-exit.o)
                                                  /usr/local/share/gcc-arm-none-eabi-10.3-2021.10/bin/../lib/gcc/arm-none-eabi/10.3.1/../../../../arm-none-eabi/lib/thumb/v7e-m+fp/softfp/crt0.o
g_pfnVectors                                      build/obj/external/base/soc/lpc43xx/startup/cr_startup_lpc43xx.o
hardware_init_hook                                /usr/local/share/gcc-arm-none-eabi-10.3-2021.10/bin/../lib/gcc/arm-none-eabi/10.3.1/../../../../arm-none-eabi/lib/thumb/v7e-m+fp/softfp/crt0.o
main                                              build/obj/src/main.o
                                                  build/obj/external/base/soc/lpc43xx/startup/cr_startup_lpc43xx.o
                                                  /usr/local/share/gcc-arm-none-eabi-10.3-2021.10/bin/../lib/gcc/arm-none-eabi/10.3.1/../../../../arm-none-eabi/lib/thumb/v7e-m+fp/softfp/crt0.o
memcmp                                            /usr/local/share/gcc-arm-none-eabi-10.3-2021.10/bin/../lib/gcc/arm-none-eabi/10.3.1/../../../../arm-none-eabi/lib/thumb/v7e-m+fp/softfp/libc_nano.a(lib_a-memcmp.o)
                                                  build/obj/src/reloj_lib.o
memcpy                                            /usr/local/share/gcc-arm-none-eabi-10.3-2021.10/bin/../lib/gcc/arm-none-eabi/10.3.1/../../../../arm-none-eabi/lib/thumb/v7e-m+fp/softfp/libc_nano.a(lib_a-memcpy-stub.o)
                                                  build/obj/src/reloj_lib.o
                                                  build/obj/src/pantalla.o
memset                                            /usr/local/share/gcc-arm-none-eabi-10.3-2021.10/bin/../lib/gcc/arm-none-eabi/10.3.1/../../../../arm-none-eabi/lib/thumb/v7e-m+fp/softfp/libc_nano.a(lib_a-memset.o)
                                                  build/lib/board/edu-ciaa-nxp.a(clock_18xx_43xx.o)
                                                  build/obj/src/reloj_lib.o
                                                  build/obj/src/pantalla.o
                                                  /usr/local/share/gcc-arm-none-eabi-10.3-2021.10/bin/../lib/gcc/arm-none-eabi/10.3.1/../../../../arm-none-eabi/lib/thumb/v7e-m+fp/softfp/crt0.o
software_init_hook                                /usr/local/share/gcc-arm-none-eabi-10.3-2021.10/bin/../lib/gcc/arm-none-eabi/10.3.1/../../../../arm-none-eabi/lib/thumb/v7e-m+fp/softfp/crt0.o
validar_hora                                      build/obj/src/reloj_lib.o
