Archive member included to satisfy reference by file (symbol)

/usr/local/share/gcc-arm-none-eabi-10.3-2021.10/bin/../lib/gcc/arm-none-eabi/10.3.1/../../../../arm-none-eabi/lib/thumb/v7e-m+fp/softfp/libc_nano.a(lib_a-exit.o)
                              /usr/local/share/gcc-arm-none-eabi-10.3-2021.10/bin/../lib/gcc/arm-none-eabi/10.3.1/../../../../arm-none-eabi/lib/thumb/v7e-m+fp/softfp/crt0.o (exit)
/usr/local/share/gcc-arm-none-eabi-10.3-2021.10/bin/../lib/gcc/arm-none-eabi/10.3.1/../../../../arm-none-eabi/lib/thumb/v7e-m+fp/softfp/libc_nano.a(lib_a-impure.o)
                              /usr/local/share/gcc-arm-none-eabi-10.3-2021.10/bin/../lib/gcc/arm-none-eabi/10.3.1/../../../../arm-none-eabi/lib/thumb/v7e-m+fp/softfp/libc_nano.a(lib_a-exit.o) (_global_impure_ptr)
/usr/local/share/gcc-arm-none-eabi-10.3-2021.10/bin/../lib/gcc/arm-none-eabi/10.3.1/../../../../arm-none-eabi/lib/thumb/v7e-m+fp/softfp/libc_nano.a(lib_a-init.o)
                              /usr/local/share/gcc-arm-none-eabi-10.3-2021.10/bin/../lib/gcc/arm-none-eabi/10.3.1/../../../../arm-none-eabi/lib/thumb/v7e-m+fp/softfp/crt0.o (__libc_init_array)
/usr/local/share/gcc-arm-none-eabi-10.3-2021.10/bin/../lib/gcc/arm-none-eabi/10.3.1/../../../../arm-none-eabi/lib/thumb/v7e-m+fp/softfp/libc_nano.a(lib_a-memset.o)
                              /usr/local/share/gcc-arm-none-eabi-10.3-2021.10/bin/../lib/gcc/arm-none-eabi/10.3.1/../../../../arm-none-eabi/lib/thumb/v7e-m+fp/softfp/crt0.o (memset)
/usr/local/share/gcc-arm-none-eabi-10.3-2021.10/bin/../lib/gcc/arm-none-eabi/10.3.1/../../../../arm-none-eabi/lib/thumb/v7e-m+fp/softfp/libnosys.a(_exit.o)
                              /usr/local/share/gcc-arm-none-eabi-10.3-2021.10/bin/../lib/gcc/arm-none-eabi/10.3.1/../../../../arm-none-eabi/lib/thumb/v7e-m+fp/softfp/libc_nano.a(lib_a-exit.o) (_exit)

Discarded input sections

 .text          0x0000000000000000        0x0 /usr/local/share/gcc-arm-none-eabi-10.3-2021.10/bin/../lib/gcc/arm-none-eabi/10.3.1/thumb/v7e-m+fp/softfp/crti.o
 .data          0x0000000000000000        0x0 /usr/local/share/gcc-arm-none-eabi-10.3-2021.10/bin/../lib/gcc/arm-none-eabi/10.3.1/thumb/v7e-m+fp/softfp/crti.o
 .bss           0x0000000000000000        0x0 /usr/local/share/gcc-arm-none-eabi-10.3-2021.10/bin/../lib/gcc/arm-none-eabi/10.3.1/thumb/v7e-m+fp/softfp/crti.o
 .text          0x0000000000000000       0x40 /usr/local/share/gcc-arm-none-eabi-10.3-2021.10/bin/../lib/gcc/arm-none-eabi/10.3.1/thumb/v7e-m+fp/softfp/crtbegin.o
 .data          0x0000000000000000        0x4 /usr/local/share/gcc-arm-none-eabi-10.3-2021.10/bin/../lib/gcc/arm-none-eabi/10.3.1/thumb/v7e-m+fp/softfp/crtbegin.o
 .bss           0x0000000000000000       0x1c /usr/local/share/gcc-arm-none-eabi-10.3-2021.10/bin/../lib/gcc/arm-none-eabi/10.3.1/thumb/v7e-m+fp/softfp/crtbegin.o
 .rodata        0x0000000000000000       0x24 /usr/local/share/gcc-arm-none-eabi-10.3-2021.10/bin/../lib/gcc/arm-none-eabi/10.3.1/thumb/v7e-m+fp/softfp/crtbegin.o
 .init_array    0x0000000000000000        0x4 /usr/local/share/gcc-arm-none-eabi-10.3-2021.10/bin/../lib/gcc/arm-none-eabi/10.3.1/thumb/v7e-m+fp/softfp/crtbegin.o
 .fini_array    0x0000000000000000        0x4 /usr/local/share/gcc-arm-none-eabi-10.3-2021.10/bin/../lib/gcc/arm-none-eabi/10.3.1/thumb/v7e-m+fp/softfp/crtbegin.o
 .eh_frame      0x0000000000000000        0x0 /usr/local/share/gcc-arm-none-eabi-10.3-2021.10/bin/../lib/gcc/arm-none-eabi/10.3.1/thumb/v7e-m+fp/softfp/crtbegin.o
 .ARM.attributes
                0x0000000000000000       0x32 /usr/local/share/gcc-arm-none-eabi-10.3-2021.10/bin/../lib/gcc/arm-none-eabi/10.3.1/thumb/v7e-m+fp/softfp/crtbegin.o
 .text          0x0000000000000000       0x7c /usr/local/share/gcc-arm-none-eabi-10.3-2021.10/bin/../lib/gcc/arm-none-eabi/10.3.1/../../../../arm-none-eabi/lib/thumb/v7e-m+fp/softfp/crt0.o
 .data          0x0000000000000000        0x0 /usr/local/share/gcc-arm-none-eabi-10.3-2021.10/bin/../lib/gcc/arm-none-eabi/10.3.1/../../../../arm-none-eabi/lib/thumb/v7e-m+fp/softfp/crt0.o
 .bss           0x0000000000000000        0x0 /usr/local/share/gcc-arm-none-eabi-10.3-2021.10/bin/../lib/gcc/arm-none-eabi/10.3.1/../../../../arm-none-eabi/lib/thumb/v7e-m+fp/softfp/crt0.o
 .ARM.extab     0x0000000000000000        0x0 /usr/local/share/gcc-arm-none-eabi-10.3-2021.10/bin/../lib/gcc/arm-none-eabi/10.3.1/../../../../arm-none-eabi/lib/thumb/v7e-m+fp/softfp/crt0.o
 .ARM.exidx     0x0000000000000000       0x10 /usr/local/share/gcc-arm-none-eabi-10.3-2021.10/bin/../lib/gcc/arm-none-eabi/10.3.1/../../../../arm-none-eabi/lib/thumb/v7e-m+fp/softfp/crt0.o
 .ARM.attributes
                0x0000000000000000       0x1c /usr/local/share/gcc-arm-none-eabi-10.3-2021.10/bin/../lib/gcc/arm-none-eabi/10.3.1/../../../../arm-none-eabi/lib/thumb/v7e-m+fp/softfp/crt0.o
 .group         0x0000000000000000        0xc build/obj/src/digital.o
 .group         0x0000000000000000        0xc build/obj/src/digital.o
 .group         0x0000000000000000        0xc build/obj/src/digital.o
 .group         0x0000000000000000        0xc build/obj/src/digital.o
 .group         0x0000000000000000        0xc build/obj/src/digital.o
 .group         0x0000000000000000        0xc build/obj/src/digital.o
 .group         0x0000000000000000        0xc build/obj/src/digital.o
 .group         0x0000000000000000        0xc build/obj/src/digital.o
 .group         0x0000000000000000        0xc build/obj/src/digital.o
 .group         0x0000000000000000        0xc build/obj/src/digital.o
 .group         0x0000000000000000        0xc build/obj/src/digital.o
 .group         0x0000000000000000        0xc build/obj/src/digital.o
 .group         0x0000000000000000        0xc build/obj/src/digital.o
 .group         0x0000000000000000        0xc build/obj/src/digital.o
 .group         0x0000000000000000        0xc build/obj/src/digital.o
 .group         0x0000000000000000        0xc build/obj/src/digital.o
 .group         0x0000000000000000        0xc build/obj/src/digital.o
 .group         0x0000000000000000        0xc build/obj/src/digital.o
 .group         0x0000000000000000        0xc build/obj/src/digital.o
 .group         0x0000000000000000        0xc build/obj/src/digital.o
 .group         0x0000000000000000        0xc build/obj/src/digital.o
 .group         0x0000000000000000        0xc build/obj/src/digital.o
 .group         0x0000000000000000        0xc build/obj/src/digital.o
 .group         0x0000000000000000        0xc build/obj/src/digital.o
 .group         0x0000000000000000        0xc build/obj/src/digital.o
 .group         0x0000000000000000        0xc build/obj/src/digital.o
 .group         0x0000000000000000        0xc build/obj/src/digital.o
 .group         0x0000000000000000        0xc build/obj/src/digital.o
 .group         0x0000000000000000        0xc build/obj/src/digital.o
 .group         0x0000000000000000        0xc build/obj/src/digital.o
 .group         0x0000000000000000        0xc build/obj/src/digital.o
 .group         0x0000000000000000        0xc build/obj/src/digital.o
 .group         0x0000000000000000        0xc build/obj/src/digital.o
 .group         0x0000000000000000        0xc build/obj/src/digital.o
 .group         0x0000000000000000        0xc build/obj/src/digital.o
 .group         0x0000000000000000        0xc build/obj/src/digital.o
 .group         0x0000000000000000        0xc build/obj/src/digital.o
 .group         0x0000000000000000        0xc build/obj/src/digital.o
 .group         0x0000000000000000        0xc build/obj/src/digital.o
 .group         0x0000000000000000        0xc build/obj/src/digital.o
 .group         0x0000000000000000        0xc build/obj/src/digital.o
 .group         0x0000000000000000        0xc build/obj/src/digital.o
 .group         0x0000000000000000        0xc build/obj/src/digital.o
 .group         0x0000000000000000        0xc build/obj/src/digital.o
 .group         0x0000000000000000        0xc build/obj/src/digital.o
 .group         0x0000000000000000        0xc build/obj/src/digital.o
 .group         0x0000000000000000        0xc build/obj/src/digital.o
 .group         0x0000000000000000        0xc build/obj/src/digital.o
 .group         0x0000000000000000        0xc build/obj/src/digital.o
 .group         0x0000000000000000        0xc build/obj/src/digital.o
 .group         0x0000000000000000        0xc build/obj/src/digital.o
 .group         0x0000000000000000        0xc build/obj/src/digital.o
 .group         0x0000000000000000        0xc build/obj/src/digital.o
 .group         0x0000000000000000        0xc build/obj/src/digital.o
 .group         0x0000000000000000        0xc build/obj/src/digital.o
 .group         0x0000000000000000        0xc build/obj/src/digital.o
 .text          0x0000000000000000        0x0 build/obj/src/digital.o
 .data          0x0000000000000000        0x0 build/obj/src/digital.o
 .bss           0x0000000000000000        0x0 build/obj/src/digital.o
 .group         0x0000000000000000        0xc build/obj/src/main.o
 .group         0x0000000000000000        0xc build/obj/src/main.o
 .group         0x0000000000000000        0xc build/obj/src/main.o
 .group         0x0000000000000000        0xc build/obj/src/main.o
 .group         0x0000000000000000        0xc build/obj/src/main.o
 .group         0x0000000000000000        0xc build/obj/src/main.o
 .group         0x0000000000000000        0xc build/obj/src/main.o
 .group         0x0000000000000000        0xc build/obj/src/main.o
 .group         0x0000000000000000        0xc build/obj/src/main.o
 .group         0x0000000000000000        0xc build/obj/src/main.o
 .group         0x0000000000000000        0xc build/obj/src/main.o
 .group         0x0000000000000000        0xc build/obj/src/main.o
 .group         0x0000000000000000        0xc build/obj/src/main.o
 .group         0x0000000000000000        0xc build/obj/src/main.o
 .group         0x0000000000000000        0xc build/obj/src/main.o
 .group         0x0000000000000000        0xc build/obj/src/main.o
 .group         0x0000000000000000        0xc build/obj/src/main.o
 .group         0x0000000000000000        0xc build/obj/src/main.o
 .group         0x0000000000000000        0xc build/obj/src/main.o
 .group         0x0000000000000000        0xc build/obj/src/main.o
 .group         0x0000000000000000        0xc build/obj/src/main.o
 .group         0x0000000000000000        0xc build/obj/src/main.o
 .group         0x0000000000000000        0xc build/obj/src/main.o
 .group         0x0000000000000000        0xc build/obj/src/main.o
 .group         0x0000000000000000        0xc build/obj/src/main.o
 .group         0x0000000000000000        0xc build/obj/src/main.o
 .group         0x0000000000000000        0xc build/obj/src/main.o
 .group         0x0000000000000000        0xc build/obj/src/main.o
 .group         0x0000000000000000        0xc build/obj/src/main.o
 .group         0x0000000000000000        0xc build/obj/src/main.o
 .group         0x0000000000000000        0xc build/obj/src/main.o
 .group         0x0000000000000000        0xc build/obj/src/main.o
 .group         0x0000000000000000        0xc build/obj/src/main.o
 .group         0x0000000000000000        0xc build/obj/src/main.o
 .group         0x0000000000000000        0xc build/obj/src/main.o
 .group         0x0000000000000000        0xc build/obj/src/main.o
 .group         0x0000000000000000        0xc build/obj/src/main.o
 .group         0x0000000000000000        0xc build/obj/src/main.o
 .group         0x0000000000000000        0xc build/obj/src/main.o
 .group         0x0000000000000000        0xc build/obj/src/main.o
 .group         0x0000000000000000        0xc build/obj/src/main.o
 .group         0x0000000000000000        0xc build/obj/src/main.o
 .group         0x0000000000000000        0xc build/obj/src/main.o
 .group         0x0000000000000000        0xc build/obj/src/main.o
 .group         0x0000000000000000        0xc build/obj/src/main.o
 .group         0x0000000000000000        0xc build/obj/src/main.o
 .group         0x0000000000000000        0xc build/obj/src/main.o
 .group         0x0000000000000000        0xc build/obj/src/main.o
 .group         0x0000000000000000        0xc build/obj/src/main.o
 .group         0x0000000000000000        0xc build/obj/src/main.o
 .group         0x0000000000000000        0xc build/obj/src/main.o
 .group         0x0000000000000000        0xc build/obj/src/main.o
 .group         0x0000000000000000        0xc build/obj/src/main.o
 .group         0x0000000000000000        0xc build/obj/src/main.o
 .group         0x0000000000000000        0xc build/obj/src/main.o
 .group         0x0000000000000000        0xc build/obj/src/main.o
 .text          0x0000000000000000        0x0 build/obj/src/main.o
 .data          0x0000000000000000        0x0 build/obj/src/main.o
 .bss           0x0000000000000000        0x0 build/obj/src/main.o
 .debug_macro   0x0000000000000000      0xaba build/obj/src/main.o
 .debug_macro   0x0000000000000000       0x10 build/obj/src/main.o
 .debug_macro   0x0000000000000000       0x22 build/obj/src/main.o
 .debug_macro   0x0000000000000000       0x8e build/obj/src/main.o
 .debug_macro   0x0000000000000000       0x51 build/obj/src/main.o
 .debug_macro   0x0000000000000000      0x103 build/obj/src/main.o
 .debug_macro   0x0000000000000000       0x6a build/obj/src/main.o
 .debug_macro   0x0000000000000000      0x1df build/obj/src/main.o
 .debug_macro   0x0000000000000000       0x22 build/obj/src/main.o
 .debug_macro   0x0000000000000000       0x73 build/obj/src/main.o
 .debug_macro   0x0000000000000000       0x28 build/obj/src/main.o
 .debug_macro   0x0000000000000000       0x1c build/obj/src/main.o
 .debug_macro   0x0000000000000000       0x22 build/obj/src/main.o
 .debug_macro   0x0000000000000000       0xfb build/obj/src/main.o
 .debug_macro   0x0000000000000000     0x1011 build/obj/src/main.o
 .debug_macro   0x0000000000000000      0x11f build/obj/src/main.o
 .debug_macro   0x0000000000000000      0x2c3 build/obj/src/main.o
 .debug_macro   0x0000000000000000      0x112 build/obj/src/main.o
 .debug_macro   0x0000000000000000       0x11 build/obj/src/main.o
 .debug_macro   0x0000000000000000       0x2a build/obj/src/main.o
 .debug_macro   0x0000000000000000       0x16 build/obj/src/main.o
 .debug_macro   0x0000000000000000      0x2e6 build/obj/src/main.o
 .debug_macro   0x0000000000000000       0x82 build/obj/src/main.o
 .debug_macro   0x0000000000000000      0x13d build/obj/src/main.o
 .debug_macro   0x0000000000000000      0x198 build/obj/src/main.o
 .debug_macro   0x0000000000000000       0x34 build/obj/src/main.o
 .debug_macro   0x0000000000000000       0x58 build/obj/src/main.o
 .debug_macro   0x0000000000000000      0x236 build/obj/src/main.o
 .debug_macro   0x0000000000000000      0x572 build/obj/src/main.o
 .debug_macro   0x0000000000000000       0x16 build/obj/src/main.o
 .debug_macro   0x0000000000000000      0x18a build/obj/src/main.o
 .debug_macro   0x0000000000000000       0x88 build/obj/src/main.o
 .debug_macro   0x0000000000000000      0x1b9 build/obj/src/main.o
 .debug_macro   0x0000000000000000      0x1da build/obj/src/main.o
 .debug_macro   0x0000000000000000       0x40 build/obj/src/main.o
 .debug_macro   0x0000000000000000       0x1c build/obj/src/main.o
 .debug_macro   0x0000000000000000       0x2e build/obj/src/main.o
 .debug_macro   0x0000000000000000       0x2e build/obj/src/main.o
 .debug_macro   0x0000000000000000       0x22 build/obj/src/main.o
 .debug_macro   0x0000000000000000      0x201 build/obj/src/main.o
 .debug_macro   0x0000000000000000       0xe0 build/obj/src/main.o
 .debug_macro   0x0000000000000000      0x34c build/obj/src/main.o
 .debug_macro   0x0000000000000000       0xdc build/obj/src/main.o
 .debug_macro   0x0000000000000000       0xc4 build/obj/src/main.o
 .debug_macro   0x0000000000000000       0x8f build/obj/src/main.o
 .debug_macro   0x0000000000000000       0x94 build/obj/src/main.o
 .debug_macro   0x0000000000000000       0xb8 build/obj/src/main.o
 .debug_macro   0x0000000000000000       0x4c build/obj/src/main.o
 .debug_macro   0x0000000000000000       0x16 build/obj/src/main.o
 .debug_macro   0x0000000000000000      0x328 build/obj/src/main.o
 .debug_macro   0x0000000000000000       0x3a build/obj/src/main.o
 .debug_macro   0x0000000000000000       0xd0 build/obj/src/main.o
 .debug_macro   0x0000000000000000       0x18 build/obj/src/main.o
 .debug_macro   0x0000000000000000       0x22 build/obj/src/main.o
 .debug_macro   0x0000000000000000       0x40 build/obj/src/main.o
 .debug_macro   0x0000000000000000      0x136 build/obj/src/main.o
 .group         0x0000000000000000        0xc build/obj/external/base/soc/lpc43xx/startup/cr_startup_lpc43xx.o
 .text          0x0000000000000000        0x0 build/obj/external/base/soc/lpc43xx/startup/cr_startup_lpc43xx.o
 .data          0x0000000000000000        0x0 build/obj/external/base/soc/lpc43xx/startup/cr_startup_lpc43xx.o
 .bss           0x0000000000000000        0x0 build/obj/external/base/soc/lpc43xx/startup/cr_startup_lpc43xx.o
 .debug_macro   0x0000000000000000      0xaba build/obj/external/base/soc/lpc43xx/startup/cr_startup_lpc43xx.o
 .text          0x0000000000000000        0x0 /usr/local/share/gcc-arm-none-eabi-10.3-2021.10/bin/../lib/gcc/arm-none-eabi/10.3.1/../../../../arm-none-eabi/lib/thumb/v7e-m+fp/softfp/libc_nano.a(lib_a-exit.o)
 .data          0x0000000000000000        0x0 /usr/local/share/gcc-arm-none-eabi-10.3-2021.10/bin/../lib/gcc/arm-none-eabi/10.3.1/../../../../arm-none-eabi/lib/thumb/v7e-m+fp/softfp/libc_nano.a(lib_a-exit.o)
 .bss           0x0000000000000000        0x0 /usr/local/share/gcc-arm-none-eabi-10.3-2021.10/bin/../lib/gcc/arm-none-eabi/10.3.1/../../../../arm-none-eabi/lib/thumb/v7e-m+fp/softfp/libc_nano.a(lib_a-exit.o)
 .text.exit     0x0000000000000000       0x28 /usr/local/share/gcc-arm-none-eabi-10.3-2021.10/bin/../lib/gcc/arm-none-eabi/10.3.1/../../../../arm-none-eabi/lib/thumb/v7e-m+fp/softfp/libc_nano.a(lib_a-exit.o)
 .debug_frame   0x0000000000000000       0x28 /usr/local/share/gcc-arm-none-eabi-10.3-2021.10/bin/../lib/gcc/arm-none-eabi/10.3.1/../../../../arm-none-eabi/lib/thumb/v7e-m+fp/softfp/libc_nano.a(lib_a-exit.o)
 .ARM.attributes
                0x0000000000000000       0x32 /usr/local/share/gcc-arm-none-eabi-10.3-2021.10/bin/../lib/gcc/arm-none-eabi/10.3.1/../../../../arm-none-eabi/lib/thumb/v7e-m+fp/softfp/libc_nano.a(lib_a-exit.o)
 .text          0x0000000000000000        0x0 /usr/local/share/gcc-arm-none-eabi-10.3-2021.10/bin/../lib/gcc/arm-none-eabi/10.3.1/../../../../arm-none-eabi/lib/thumb/v7e-m+fp/softfp/libc_nano.a(lib_a-impure.o)
 .data          0x0000000000000000        0x0 /usr/local/share/gcc-arm-none-eabi-10.3-2021.10/bin/../lib/gcc/arm-none-eabi/10.3.1/../../../../arm-none-eabi/lib/thumb/v7e-m+fp/softfp/libc_nano.a(lib_a-impure.o)
 .bss           0x0000000000000000        0x0 /usr/local/share/gcc-arm-none-eabi-10.3-2021.10/bin/../lib/gcc/arm-none-eabi/10.3.1/../../../../arm-none-eabi/lib/thumb/v7e-m+fp/softfp/libc_nano.a(lib_a-impure.o)
 .data._impure_ptr
                0x0000000000000000        0x4 /usr/local/share/gcc-arm-none-eabi-10.3-2021.10/bin/../lib/gcc/arm-none-eabi/10.3.1/../../../../arm-none-eabi/lib/thumb/v7e-m+fp/softfp/libc_nano.a(lib_a-impure.o)
 .data.impure_data
                0x0000000000000000       0x60 /usr/local/share/gcc-arm-none-eabi-10.3-2021.10/bin/../lib/gcc/arm-none-eabi/10.3.1/../../../../arm-none-eabi/lib/thumb/v7e-m+fp/softfp/libc_nano.a(lib_a-impure.o)
 .rodata._global_impure_ptr
                0x0000000000000000        0x4 /usr/local/share/gcc-arm-none-eabi-10.3-2021.10/bin/../lib/gcc/arm-none-eabi/10.3.1/../../../../arm-none-eabi/lib/thumb/v7e-m+fp/softfp/libc_nano.a(lib_a-impure.o)
 .ARM.attributes
                0x0000000000000000       0x32 /usr/local/share/gcc-arm-none-eabi-10.3-2021.10/bin/../lib/gcc/arm-none-eabi/10.3.1/../../../../arm-none-eabi/lib/thumb/v7e-m+fp/softfp/libc_nano.a(lib_a-impure.o)
 .text          0x0000000000000000        0x0 /usr/local/share/gcc-arm-none-eabi-10.3-2021.10/bin/../lib/gcc/arm-none-eabi/10.3.1/../../../../arm-none-eabi/lib/thumb/v7e-m+fp/softfp/libc_nano.a(lib_a-init.o)
 .data          0x0000000000000000        0x0 /usr/local/share/gcc-arm-none-eabi-10.3-2021.10/bin/../lib/gcc/arm-none-eabi/10.3.1/../../../../arm-none-eabi/lib/thumb/v7e-m+fp/softfp/libc_nano.a(lib_a-init.o)
 .bss           0x0000000000000000        0x0 /usr/local/share/gcc-arm-none-eabi-10.3-2021.10/bin/../lib/gcc/arm-none-eabi/10.3.1/../../../../arm-none-eabi/lib/thumb/v7e-m+fp/softfp/libc_nano.a(lib_a-init.o)
 .text.__libc_init_array
                0x0000000000000000       0x48 /usr/local/share/gcc-arm-none-eabi-10.3-2021.10/bin/../lib/gcc/arm-none-eabi/10.3.1/../../../../arm-none-eabi/lib/thumb/v7e-m+fp/softfp/libc_nano.a(lib_a-init.o)
 .debug_frame   0x0000000000000000       0x2c /usr/local/share/gcc-arm-none-eabi-10.3-2021.10/bin/../lib/gcc/arm-none-eabi/10.3.1/../../../../arm-none-eabi/lib/thumb/v7e-m+fp/softfp/libc_nano.a(lib_a-init.o)
 .ARM.attributes
                0x0000000000000000       0x32 /usr/local/share/gcc-arm-none-eabi-10.3-2021.10/bin/../lib/gcc/arm-none-eabi/10.3.1/../../../../arm-none-eabi/lib/thumb/v7e-m+fp/softfp/libc_nano.a(lib_a-init.o)
 .text          0x0000000000000000        0x0 /usr/local/share/gcc-arm-none-eabi-10.3-2021.10/bin/../lib/gcc/arm-none-eabi/10.3.1/../../../../arm-none-eabi/lib/thumb/v7e-m+fp/softfp/libc_nano.a(lib_a-memset.o)
 .data          0x0000000000000000        0x0 /usr/local/share/gcc-arm-none-eabi-10.3-2021.10/bin/../lib/gcc/arm-none-eabi/10.3.1/../../../../arm-none-eabi/lib/thumb/v7e-m+fp/softfp/libc_nano.a(lib_a-memset.o)
 .bss           0x0000000000000000        0x0 /usr/local/share/gcc-arm-none-eabi-10.3-2021.10/bin/../lib/gcc/arm-none-eabi/10.3.1/../../../../arm-none-eabi/lib/thumb/v7e-m+fp/softfp/libc_nano.a(lib_a-memset.o)
 .text.memset   0x0000000000000000       0x10 /usr/local/share/gcc-arm-none-eabi-10.3-2021.10/bin/../lib/gcc/arm-none-eabi/10.3.1/../../../../arm-none-eabi/lib/thumb/v7e-m+fp/softfp/libc_nano.a(lib_a-memset.o)
 .debug_frame   0x0000000000000000       0x20 /usr/local/share/gcc-arm-none-eabi-10.3-2021.10/bin/../lib/gcc/arm-none-eabi/10.3.1/../../../../arm-none-eabi/lib/thumb/v7e-m+fp/softfp/libc_nano.a(lib_a-memset.o)
 .ARM.attributes
                0x0000000000000000       0x32 /usr/local/share/gcc-arm-none-eabi-10.3-2021.10/bin/../lib/gcc/arm-none-eabi/10.3.1/../../../../arm-none-eabi/lib/thumb/v7e-m+fp/softfp/libc_nano.a(lib_a-memset.o)
 .text          0x0000000000000000        0x0 /usr/local/share/gcc-arm-none-eabi-10.3-2021.10/bin/../lib/gcc/arm-none-eabi/10.3.1/../../../../arm-none-eabi/lib/thumb/v7e-m+fp/softfp/libnosys.a(_exit.o)
 .data          0x0000000000000000        0x0 /usr/local/share/gcc-arm-none-eabi-10.3-2021.10/bin/../lib/gcc/arm-none-eabi/10.3.1/../../../../arm-none-eabi/lib/thumb/v7e-m+fp/softfp/libnosys.a(_exit.o)
 .bss           0x0000000000000000        0x0 /usr/local/share/gcc-arm-none-eabi-10.3-2021.10/bin/../lib/gcc/arm-none-eabi/10.3.1/../../../../arm-none-eabi/lib/thumb/v7e-m+fp/softfp/libnosys.a(_exit.o)
 .text._exit    0x0000000000000000        0x4 /usr/local/share/gcc-arm-none-eabi-10.3-2021.10/bin/../lib/gcc/arm-none-eabi/10.3.1/../../../../arm-none-eabi/lib/thumb/v7e-m+fp/softfp/libnosys.a(_exit.o)
 .debug_frame   0x0000000000000000       0x20 /usr/local/share/gcc-arm-none-eabi-10.3-2021.10/bin/../lib/gcc/arm-none-eabi/10.3.1/../../../../arm-none-eabi/lib/thumb/v7e-m+fp/softfp/libnosys.a(_exit.o)
 .ARM.attributes
                0x0000000000000000       0x32 /usr/local/share/gcc-arm-none-eabi-10.3-2021.10/bin/../lib/gcc/arm-none-eabi/10.3.1/../../../../arm-none-eabi/lib/thumb/v7e-m+fp/softfp/libnosys.a(_exit.o)
 .text          0x0000000000000000        0x0 /usr/local/share/gcc-arm-none-eabi-10.3-2021.10/bin/../lib/gcc/arm-none-eabi/10.3.1/thumb/v7e-m+fp/softfp/crtend.o
 .data          0x0000000000000000        0x0 /usr/local/share/gcc-arm-none-eabi-10.3-2021.10/bin/../lib/gcc/arm-none-eabi/10.3.1/thumb/v7e-m+fp/softfp/crtend.o
 .bss           0x0000000000000000        0x0 /usr/local/share/gcc-arm-none-eabi-10.3-2021.10/bin/../lib/gcc/arm-none-eabi/10.3.1/thumb/v7e-m+fp/softfp/crtend.o
 .rodata        0x0000000000000000       0x24 /usr/local/share/gcc-arm-none-eabi-10.3-2021.10/bin/../lib/gcc/arm-none-eabi/10.3.1/thumb/v7e-m+fp/softfp/crtend.o
 .eh_frame      0x0000000000000000        0x4 /usr/local/share/gcc-arm-none-eabi-10.3-2021.10/bin/../lib/gcc/arm-none-eabi/10.3.1/thumb/v7e-m+fp/softfp/crtend.o
 .ARM.attributes
                0x0000000000000000       0x32 /usr/local/share/gcc-arm-none-eabi-10.3-2021.10/bin/../lib/gcc/arm-none-eabi/10.3.1/thumb/v7e-m+fp/softfp/crtend.o
 .text          0x0000000000000000        0x0 /usr/local/share/gcc-arm-none-eabi-10.3-2021.10/bin/../lib/gcc/arm-none-eabi/10.3.1/thumb/v7e-m+fp/softfp/crtn.o
 .data          0x0000000000000000        0x0 /usr/local/share/gcc-arm-none-eabi-10.3-2021.10/bin/../lib/gcc/arm-none-eabi/10.3.1/thumb/v7e-m+fp/softfp/crtn.o
 .bss           0x0000000000000000        0x0 /usr/local/share/gcc-arm-none-eabi-10.3-2021.10/bin/../lib/gcc/arm-none-eabi/10.3.1/thumb/v7e-m+fp/softfp/crtn.o
 .init          0x0000000000000000        0x8 /usr/local/share/gcc-arm-none-eabi-10.3-2021.10/bin/../lib/gcc/arm-none-eabi/10.3.1/thumb/v7e-m+fp/softfp/crtn.o
 .fini          0x0000000000000000        0x8 /usr/local/share/gcc-arm-none-eabi-10.3-2021.10/bin/../lib/gcc/arm-none-eabi/10.3.1/thumb/v7e-m+fp/softfp/crtn.o
 .ARM.attributes
                0x0000000000000000       0x1e /usr/local/share/gcc-arm-none-eabi-10.3-2021.10/bin/../lib/gcc/arm-none-eabi/10.3.1/thumb/v7e-m+fp/softfp/crtn.o

Memory Configuration

Name             Origin             Length             Attributes
MFlashA512       0x000000001a000000 0x0000000000080000 xr
MFlashB512       0x000000001b000000 0x0000000000080000 xr
RamLoc32         0x0000000010000000 0x0000000000008000 xrw
RamLoc40         0x0000000010080000 0x000000000000a000 xrw
RamAHB32         0x0000000020000000 0x0000000000008000 xrw
RamAHB16         0x0000000020008000 0x0000000000004000 xrw
RamAHB_ETB16     0x000000002000c000 0x0000000000004000 xrw
*default*        0x0000000000000000 0xffffffffffffffff

Linker script and memory map

LOAD /usr/local/share/gcc-arm-none-eabi-10.3-2021.10/bin/../lib/gcc/arm-none-eabi/10.3.1/thumb/v7e-m+fp/softfp/crti.o
LOAD /usr/local/share/gcc-arm-none-eabi-10.3-2021.10/bin/../lib/gcc/arm-none-eabi/10.3.1/thumb/v7e-m+fp/softfp/crtbegin.o
LOAD /usr/local/share/gcc-arm-none-eabi-10.3-2021.10/bin/../lib/gcc/arm-none-eabi/10.3.1/../../../../arm-none-eabi/lib/thumb/v7e-m+fp/softfp/crt0.o
LOAD build/obj/src/digital.o
LOAD build/obj/src/main.o
LOAD build/obj/external/base/soc/lpc43xx/startup/cr_startup_lpc43xx.o
LOAD build/lib/board/edu-ciaa-nxp.a
START GROUP
LOAD /usr/local/share/gcc-arm-none-eabi-10.3-2021.10/bin/../lib/gcc/arm-none-eabi/10.3.1/thumb/v7e-m+fp/softfp/libgcc.a
LOAD /usr/local/share/gcc-arm-none-eabi-10.3-2021.10/bin/../lib/gcc/arm-none-eabi/10.3.1/../../../../arm-none-eabi/lib/thumb/v7e-m+fp/softfp/libc_nano.a
END GROUP
START GROUP
LOAD /usr/local/share/gcc-arm-none-eabi-10.3-2021.10/bin/../lib/gcc/arm-none-eabi/10.3.1/thumb/v7e-m+fp/softfp/libgcc.a
LOAD /usr/local/share/gcc-arm-none-eabi-10.3-2021.10/bin/../lib/gcc/arm-none-eabi/10.3.1/../../../../arm-none-eabi/lib/thumb/v7e-m+fp/softfp/libc_nano.a
LOAD /usr/local/share/gcc-arm-none-eabi-10.3-2021.10/bin/../lib/gcc/arm-none-eabi/10.3.1/../../../../arm-none-eabi/lib/thumb/v7e-m+fp/softfp/libnosys.a
END GROUP
START GROUP
LOAD /usr/local/share/gcc-arm-none-eabi-10.3-2021.10/bin/../lib/gcc/arm-none-eabi/10.3.1/thumb/v7e-m+fp/softfp/libgcc.a
LOAD /usr/local/share/gcc-arm-none-eabi-10.3-2021.10/bin/../lib/gcc/arm-none-eabi/10.3.1/../../../../arm-none-eabi/lib/thumb/v7e-m+fp/softfp/libc_nano.a
LOAD /usr/local/share/gcc-arm-none-eabi-10.3-2021.10/bin/../lib/gcc/arm-none-eabi/10.3.1/../../../../arm-none-eabi/lib/thumb/v7e-m+fp/softfp/libnosys.a
END GROUP
LOAD /usr/local/share/gcc-arm-none-eabi-10.3-2021.10/bin/../lib/gcc/arm-none-eabi/10.3.1/thumb/v7e-m+fp/softfp/crtend.o
LOAD /usr/local/share/gcc-arm-none-eabi-10.3-2021.10/bin/../lib/gcc/arm-none-eabi/10.3.1/thumb/v7e-m+fp/softfp/crtn.o
                0x000000001a000000                __base_MFlashA512 = 0x1a000000
                0x000000001a000000                __base_Flash = 0x1a000000
                0x000000001a080000                __top_MFlashA512 = 0x1a080000
                0x000000001a080000                __top_Flash = 0x1a080000
                0x000000001b000000                __base_MFlashB512 = 0x1b000000
                0x000000001b000000                __base_Flash2 = 0x1b000000
                0x000000001b080000                __top_MFlashB512 = 0x1b080000
                0x000000001b080000                __top_Flash2 = 0x1b080000
                0x0000000010000000                __base_RamLoc32 = 0x10000000
                0x0000000010000000                __base_RAM = 0x10000000
                0x0000000010008000                __top_RamLoc32 = 0x10008000
                0x0000000010008000                __top_RAM = 0x10008000
                0x0000000010080000                __base_RamLoc40 = 0x10080000
                0x0000000010080000                __base_RAM2 = 0x10080000
                0x000000001008a000                __top_RamLoc40 = 0x1008a000
                0x000000001008a000                __top_RAM2 = 0x1008a000
                0x0000000020000000                __base_RamAHB32 = 0x20000000
                0x0000000020000000                __base_RAM3 = 0x20000000
                0x0000000020008000                __top_RamAHB32 = 0x20008000
                0x0000000020008000                __top_RAM3 = 0x20008000
                0x0000000020008000                __base_RamAHB16 = 0x20008000
                0x0000000020008000                __base_RAM4 = 0x20008000
                0x000000002000c000                __top_RamAHB16 = 0x2000c000
                0x000000002000c000                __top_RAM4 = 0x2000c000
                0x000000002000c000                __base_RamAHB_ETB16 = 0x2000c000
                0x000000002000c000                __base_RAM5 = 0x2000c000
                0x0000000020010000                __top_RamAHB_ETB16 = 0x20010000
                0x0000000020010000                __top_RAM5 = 0x20010000

.text_Flash2    0x000000001b000000        0x0
 FILL mask 0xff
 *(.text_Flash2*)
 *(.text_MFlashB512*)
 *(.text.$Flash2*)
 *(.text.$MFlashB512*)
 *(.rodata.$Flash2*)
 *(.rodata.$MFlashB512*)

.text           0x000000001a000000      0x234
 FILL mask 0xff
                0x000000001a000000                __vectors_start__ = ABSOLUTE (.)
 *(.isr_vector)
 .isr_vector    0x000000001a000000      0x114 build/obj/external/base/soc/lpc43xx/startup/cr_startup_lpc43xx.o
                0x000000001a000000                g_pfnVectors
                0x000000001a000114                . = ALIGN (0x4)
                0x000000001a000114                __section_table_start = .
                0x000000001a000114                __data_section_table = .
                0x000000001a000114        0x4 LONG 0x1a0008b8 LOADADDR (.data)
                0x000000001a000118        0x4 LONG 0x10000000 ADDR (.data)
                0x000000001a00011c        0x4 LONG 0x0 SIZEOF (.data)
                0x000000001a000120        0x4 LONG 0x1a0008b8 LOADADDR (.data_RAM2)
                0x000000001a000124        0x4 LONG 0x10080000 ADDR (.data_RAM2)
                0x000000001a000128        0x4 LONG 0x0 SIZEOF (.data_RAM2)
                0x000000001a00012c        0x4 LONG 0x1a0008b8 LOADADDR (.data_RAM3)
                0x000000001a000130        0x4 LONG 0x20000000 ADDR (.data_RAM3)
                0x000000001a000134        0x4 LONG 0x0 SIZEOF (.data_RAM3)
                0x000000001a000138        0x4 LONG 0x1a0008b8 LOADADDR (.data_RAM4)
                0x000000001a00013c        0x4 LONG 0x20008000 ADDR (.data_RAM4)
                0x000000001a000140        0x4 LONG 0x0 SIZEOF (.data_RAM4)
                0x000000001a000144        0x4 LONG 0x1a0008b8 LOADADDR (.data_RAM5)
                0x000000001a000148        0x4 LONG 0x2000c000 ADDR (.data_RAM5)
                0x000000001a00014c        0x4 LONG 0x0 SIZEOF (.data_RAM5)
                0x000000001a000150                __data_section_table_end = .
                0x000000001a000150                __bss_section_table = .
                0x000000001a000150        0x4 LONG 0x10000000 ADDR (.bss)
                0x000000001a000154        0x4 LONG 0xc SIZEOF (.bss)
                0x000000001a000158        0x4 LONG 0x10080000 ADDR (.bss_RAM2)
                0x000000001a00015c        0x4 LONG 0x0 SIZEOF (.bss_RAM2)
                0x000000001a000160        0x4 LONG 0x20000000 ADDR (.bss_RAM3)
                0x000000001a000164        0x4 LONG 0x0 SIZEOF (.bss_RAM3)
                0x000000001a000168        0x4 LONG 0x20008000 ADDR (.bss_RAM4)
                0x000000001a00016c        0x4 LONG 0x0 SIZEOF (.bss_RAM4)
                0x000000001a000170        0x4 LONG 0x2000c000 ADDR (.bss_RAM5)
                0x000000001a000174        0x4 LONG 0x0 SIZEOF (.bss_RAM5)
                0x000000001a000178                __bss_section_table_end = .
                0x000000001a000178                __section_table_end = .
 *(.after_vectors*)
 .after_vectors
                0x000000001a000178       0xbc build/obj/external/base/soc/lpc43xx/startup/cr_startup_lpc43xx.o
                0x000000001a000178                data_init
                0x000000001a0001be                bss_init
                0x000000001a0001f8                NMI_Handler
                0x000000001a0001fe                HardFault_Handler
                0x000000001a000204                MemManage_Handler
                0x000000001a00020a                BusFault_Handler
                0x000000001a000210                UsageFault_Handler
                0x000000001a000216                SVC_Handler
                0x000000001a00021c                DebugMon_Handler
                0x000000001a000222                PendSV_Handler
                0x000000001a000228                SysTick_Handler
                0x000000001a00022e                TIMER2_IRQHandler
                0x000000001a00022e                RIT_IRQHandler
                0x000000001a00022e                FLASH_EEPROM_IRQHandler
                0x000000001a00022e                I2C0_IRQHandler
                0x000000001a00022e                SDIO_IRQHandler
                0x000000001a00022e                ATIMER_IRQHandler
                0x000000001a00022e                I2C1_IRQHandler
                0x000000001a00022e                UART1_IRQHandler
                0x000000001a00022e                GPIO5_IRQHandler
                0x000000001a00022e                CAN1_IRQHandler
                0x000000001a00022e                USB1_IRQHandler
                0x000000001a00022e                I2S0_IRQHandler
                0x000000001a00022e                TIMER3_IRQHandler
                0x000000001a00022e                UART0_IRQHandler
                0x000000001a00022e                SGPIO_IRQHandler
                0x000000001a00022e                ADC0_IRQHandler
                0x000000001a00022e                GPIO6_IRQHandler
                0x000000001a00022e                IntDefaultHandler
                0x000000001a00022e                GPIO1_IRQHandler
                0x000000001a00022e                SSP0_IRQHandler
                0x000000001a00022e                ADC1_IRQHandler
                0x000000001a00022e                RTC_IRQHandler
                0x000000001a00022e                TIMER0_IRQHandler
                0x000000001a00022e                SPI_IRQHandler
                0x000000001a00022e                LCD_IRQHandler
                0x000000001a00022e                VADC_IRQHandler
                0x000000001a00022e                TIMER1_IRQHandler
                0x000000001a00022e                UART2_IRQHandler
                0x000000001a00022e                GPIO2_IRQHandler
                0x000000001a00022e                I2S1_IRQHandler
                0x000000001a00022e                SSP1_IRQHandler
                0x000000001a00022e                USB0_IRQHandler
                0x000000001a00022e                GPIO3_IRQHandler
                0x000000001a00022e                SCT_IRQHandler
                0x000000001a00022e                WDT_IRQHandler
                0x000000001a00022e                GPIO7_IRQHandler
                0x000000001a00022e                SPIFI_IRQHandler
                0x000000001a00022e                QEI_IRQHandler
                0x000000001a00022e                ETH_IRQHandler
                0x000000001a00022e                M0CORE_IRQHandler
                0x000000001a00022e                CAN0_IRQHandler
                0x000000001a00022e                GINT0_IRQHandler
                0x000000001a00022e                DAC_IRQHandler
                0x000000001a00022e                M0SUB_IRQHandler
                0x000000001a00022e                GPIO0_IRQHandler
                0x000000001a00022e                DMA_IRQHandler
                0x000000001a00022e                EVRT_IRQHandler
                0x000000001a00022e                UART3_IRQHandler
                0x000000001a00022e                MCPWM_IRQHandler
                0x000000001a00022e                GINT1_IRQHandler
                0x000000001a00022e                GPIO4_IRQHandler

.glue_7         0x000000001a000234        0x0
 .glue_7        0x000000001a000234        0x0 linker stubs

.glue_7t        0x000000001a000234        0x0
 .glue_7t       0x000000001a000234        0x0 linker stubs

.vfp11_veneer   0x000000001a000234        0x0
 .vfp11_veneer  0x000000001a000234        0x0 linker stubs

.v4_bx          0x000000001a000234        0x0
 .v4_bx         0x000000001a000234        0x0 linker stubs

.init           0x000000001a000234        0x4
 .init          0x000000001a000234        0x4 /usr/local/share/gcc-arm-none-eabi-10.3-2021.10/bin/../lib/gcc/arm-none-eabi/10.3.1/thumb/v7e-m+fp/softfp/crti.o
                0x000000001a000234                _init

.fini           0x000000001a000238        0x4
 .fini          0x000000001a000238        0x4 /usr/local/share/gcc-arm-none-eabi-10.3-2021.10/bin/../lib/gcc/arm-none-eabi/10.3.1/thumb/v7e-m+fp/softfp/crti.o
                0x000000001a000238                _fini

.iplt           0x000000001a00023c        0x0
 .iplt          0x000000001a00023c        0x0 build/obj/src/digital.o

.text           0x000000001a00023c      0x67c
 *(.text*)
 .text.Chip_GPIO_SetPinState
                0x000000001a00023c       0x38 build/obj/src/digital.o
 .text.Chip_GPIO_SetPinDIROutput
                0x000000001a000274       0x3e build/obj/src/digital.o
 .text.Chip_GPIO_SetPinDIRInput
                0x000000001a0002b2       0x40 build/obj/src/digital.o
 .text.Chip_GPIO_SetPinDIR
                0x000000001a0002f2       0x42 build/obj/src/digital.o
 .text.Chip_GPIO_SetPinToggle
                0x000000001a000334       0x32 build/obj/src/digital.o
 *fill*         0x000000001a000366        0x2 
 .text.DigitalOutputAllocate
                0x000000001a000368       0x6c build/obj/src/digital.o
                0x000000001a000368                DigitalOutputAllocate
 .text.Digital_OutputCreate
                0x000000001a0003d4       0x58 build/obj/src/digital.o
                0x000000001a0003d4                Digital_OutputCreate
 .text.DigitalOutPutActivate
                0x000000001a00042c       0x24 build/obj/src/digital.o
                0x000000001a00042c                DigitalOutPutActivate
 .text.DigitalOutPutDesactivate
                0x000000001a000450       0x24 build/obj/src/digital.o
                0x000000001a000450                DigitalOutPutDesactivate
 .text.DigitalOutPutToggle
                0x000000001a000474       0x24 build/obj/src/digital.o
                0x000000001a000474                DigitalOutPutToggle
 .text.Chip_SCU_PinMuxSet
                0x000000001a000498       0x34 build/obj/src/main.o
 .text.Chip_GPIO_SetPinState
                0x000000001a0004cc       0x38 build/obj/src/main.o
 .text.Chip_GPIO_ReadPortBit
                0x000000001a000504       0x34 build/obj/src/main.o
 .text.Chip_GPIO_SetPinDIROutput
                0x000000001a000538       0x3e build/obj/src/main.o
 .text.Chip_GPIO_SetPinDIRInput
                0x000000001a000576       0x40 build/obj/src/main.o
 .text.Chip_GPIO_SetPinDIR
                0x000000001a0005b6       0x42 build/obj/src/main.o
 .text.main     0x000000001a0005f8      0x1e0 build/obj/src/main.o
                0x000000001a0005f8                main
 .text.ResetISR
                0x000000001a0007d8       0xe0 build/obj/external/base/soc/lpc43xx/startup/cr_startup_lpc43xx.o
                0x000000001a0007d8                ResetISR
 *(.rodata .rodata.* .constdata .constdata.*)
                0x000000001a0008b8                . = ALIGN (0x4)

.rel.dyn        0x000000001a0008b8        0x0
 .rel.iplt      0x000000001a0008b8        0x0 build/obj/src/digital.o

.ARM.extab
 *(.ARM.extab* .gnu.linkonce.armextab.*)
                0x000000001a0008b8                __exidx_start = .

.ARM.exidx
 *(.ARM.exidx* .gnu.linkonce.armexidx.*)
                0x000000001a0008b8                __exidx_end = .
                0x000000001a0008b8                _etext = .

.data_RAM2      0x0000000010080000        0x0 load address 0x000000001a0008b8
 FILL mask 0xff
                [!provide]                        PROVIDE (__start_data_RAM2 = .)
 *(.ramfunc.$RAM2)
 *(.ramfunc.$RamLoc40)
 *(.data.$RAM2*)
 *(.data.$RamLoc40*)
 *(.bss.ucHeap)
                0x0000000010080000                . = ALIGN (0x4)
                [!provide]                        PROVIDE (__end_data_RAM2 = .)

.data_RAM3      0x0000000020000000        0x0 load address 0x000000001a0008b8
 FILL mask 0xff
                [!provide]                        PROVIDE (__start_data_RAM3 = .)
 *(.ramfunc.$RAM3)
 *(.ramfunc.$RamAHB32)
 *(.data.$RAM3*)
 *(.data.$RamAHB32*)
                0x0000000020000000                . = ALIGN (0x4)
                [!provide]                        PROVIDE (__end_data_RAM3 = .)

.data_RAM4      0x0000000020008000        0x0 load address 0x000000001a0008b8
 FILL mask 0xff
                [!provide]                        PROVIDE (__start_data_RAM4 = .)
 *(.ramfunc.$RAM4)
 *(.ramfunc.$RamAHB16)
 *(.data.$RAM4*)
 *(.data.$RamAHB16*)
                0x0000000020008000                . = ALIGN (0x4)
                [!provide]                        PROVIDE (__end_data_RAM4 = .)

.data_RAM5      0x000000002000c000        0x0 load address 0x000000001a0008b8
 FILL mask 0xff
                [!provide]                        PROVIDE (__start_data_RAM5 = .)
 *(.ramfunc.$RAM5)
 *(.ramfunc.$RamAHB_ETB16)
 *(.data.$RAM5*)
 *(.data.$RamAHB_ETB16*)
                0x000000002000c000                . = ALIGN (0x4)
                [!provide]                        PROVIDE (__end_data_RAM5 = .)

.uninit_RESERVED
                0x0000000010000000        0x0
 *(.bss.$RESERVED*)
                0x0000000010000000                . = ALIGN (0x4)
                0x0000000010000000                _end_uninit_RESERVED = .

.data           0x0000000010000000        0x0 load address 0x000000001a0008b8
 FILL mask 0xff
                0x0000000010000000                _data = .
 *(vtable)
 *(.ramfunc*)
 *(.data*)
                0x0000000010000000                . = ALIGN (0x4)
                0x0000000010000000                _edata = .

.igot.plt       0x0000000010000000        0x0 load address 0x000000001a0008b8
 .igot.plt      0x0000000010000000        0x0 build/obj/src/digital.o

.bss_RAM2       0x0000000010080000        0x0
                [!provide]                        PROVIDE (__start_bss_RAM2 = .)
 *(.bss.$RAM2*)
 *(.bss.$RamLoc40*)
                0x0000000010080000                . = ALIGN ((. != 0x0)?0x4:0x1)
                [!provide]                        PROVIDE (__end_bss_RAM2 = .)

.bss_RAM3       0x0000000020000000        0x0
                [!provide]                        PROVIDE (__start_bss_RAM3 = .)
 *(.bss.$RAM3*)
 *(.bss.$RamAHB32*)
                0x0000000020000000                . = ALIGN ((. != 0x0)?0x4:0x1)
                [!provide]                        PROVIDE (__end_bss_RAM3 = .)

.bss_RAM4       0x0000000020008000        0x0
                [!provide]                        PROVIDE (__start_bss_RAM4 = .)
 *(.bss.$RAM4*)
 *(.bss.$RamAHB16*)
                0x0000000020008000                . = ALIGN ((. != 0x0)?0x4:0x1)
                [!provide]                        PROVIDE (__end_bss_RAM4 = .)

.bss_RAM5       0x000000002000c000        0x0
                [!provide]                        PROVIDE (__start_bss_RAM5 = .)
 *(.bss.$RAM5*)
 *(.bss.$RamAHB_ETB16*)
                0x000000002000c000                . = ALIGN ((. != 0x0)?0x4:0x1)
                [!provide]                        PROVIDE (__end_bss_RAM5 = .)

.bss            0x0000000010000000        0xc
                0x0000000010000000                _bss = .
 *(.bss*)
 .bss.instances.0
                0x0000000010000000        0xc build/obj/src/digital.o
 *(COMMON)
                0x000000001000000c                . = ALIGN (0x4)
                0x000000001000000c                _ebss = .
                [!provide]                        PROVIDE (end = .)

.noinit_RAM2    0x0000000010080000        0x0
 *(.noinit.$RAM2*)
 *(.noinit.$RamLoc40*)
                0x0000000010080000                . = ALIGN (0x4)

.noinit_RAM3    0x0000000020000000        0x0
 *(.noinit.$RAM3*)
 *(.noinit.$RamAHB32*)
                0x0000000020000000                . = ALIGN (0x4)

.noinit_RAM4    0x0000000020008000        0x0
 *(.noinit.$RAM4*)
 *(.noinit.$RamAHB16*)
                0x0000000020008000                . = ALIGN (0x4)

.noinit_RAM5    0x000000002000c000        0x0
 *(.noinit.$RAM5*)
 *(.noinit.$RamAHB_ETB16*)
                0x000000002000c000                . = ALIGN (0x4)

.noinit         0x000000001000000c        0x0
                0x000000001000000c                _noinit = .
 *(.noinit*)
                0x000000001000000c                . = ALIGN (0x4)
                0x000000001000000c                _end_noinit = .
                [!provide]                        PROVIDE (_pvHeapStart = DEFINED (__user_heap_base)?__user_heap_base:.)
                0x0000000010008000                PROVIDE (_vStackTop = DEFINED (__user_stack_top)?__user_stack_top:(__top_RamLoc32 - 0x0))
                0xffffffff53ff6e0e                PROVIDE (__valid_user_code_checksum = (0x0 - ((((((_vStackTop + (ResetISR + 0x1)) + (NMI_Handler + 0x1)) + (HardFault_Handler + 0x1)) + (DEFINED (MemManage_Handler)?MemManage_Handler:0x0 + 0x1)) + (DEFINED (BusFault_Handler)?BusFault_Handler:0x0 + 0x1)) + (DEFINED (UsageFault_Handler)?UsageFault_Handler:0x0 + 0x1))))
OUTPUT(build/bin/bases_ramas_tps.elf elf32-littlearm)
LOAD linker stubs

.ARM.attributes
                0x0000000000000000       0x2e
 .ARM.attributes
                0x0000000000000000       0x1e /usr/local/share/gcc-arm-none-eabi-10.3-2021.10/bin/../lib/gcc/arm-none-eabi/10.3.1/thumb/v7e-m+fp/softfp/crti.o
 .ARM.attributes
                0x000000000000001e       0x32 build/obj/src/digital.o
 .ARM.attributes
                0x0000000000000050       0x32 build/obj/src/main.o
 .ARM.attributes
                0x0000000000000082       0x32 build/obj/external/base/soc/lpc43xx/startup/cr_startup_lpc43xx.o

.comment        0x0000000000000000       0x49
 .comment       0x0000000000000000       0x49 build/obj/src/digital.o
                                         0x4a (size before relaxing)
 .comment       0x0000000000000049       0x4a build/obj/src/main.o
 .comment       0x0000000000000049       0x4a build/obj/external/base/soc/lpc43xx/startup/cr_startup_lpc43xx.o

.debug_info     0x0000000000000000      0xcf5
 .debug_info    0x0000000000000000      0x471 build/obj/src/digital.o
 .debug_info    0x0000000000000471      0x5ab build/obj/src/main.o
 .debug_info    0x0000000000000a1c      0x2d9 build/obj/external/base/soc/lpc43xx/startup/cr_startup_lpc43xx.o

.debug_abbrev   0x0000000000000000      0x48c
 .debug_abbrev  0x0000000000000000      0x1de build/obj/src/digital.o
 .debug_abbrev  0x00000000000001de      0x183 build/obj/src/main.o
 .debug_abbrev  0x0000000000000361      0x12b build/obj/external/base/soc/lpc43xx/startup/cr_startup_lpc43xx.o

.debug_aranges  0x0000000000000000      0x138
 .debug_aranges
                0x0000000000000000       0x68 build/obj/src/digital.o
 .debug_aranges
                0x0000000000000068       0x50 build/obj/src/main.o
 .debug_aranges
                0x00000000000000b8       0x80 build/obj/external/base/soc/lpc43xx/startup/cr_startup_lpc43xx.o

.debug_ranges   0x0000000000000000      0x108
 .debug_ranges  0x0000000000000000       0x58 build/obj/src/digital.o
 .debug_ranges  0x0000000000000058       0x40 build/obj/src/main.o
 .debug_ranges  0x0000000000000098       0x70 build/obj/external/base/soc/lpc43xx/startup/cr_startup_lpc43xx.o

.debug_macro    0x0000000000000000     0x51c4
 .debug_macro   0x0000000000000000      0x329 build/obj/src/digital.o
 .debug_macro   0x0000000000000329      0xaba build/obj/src/digital.o
 .debug_macro   0x0000000000000de3       0x10 build/obj/src/digital.o
 .debug_macro   0x0000000000000df3       0x22 build/obj/src/digital.o
 .debug_macro   0x0000000000000e15       0x8e build/obj/src/digital.o
 .debug_macro   0x0000000000000ea3       0x51 build/obj/src/digital.o
 .debug_macro   0x0000000000000ef4      0x103 build/obj/src/digital.o
 .debug_macro   0x0000000000000ff7       0x6a build/obj/src/digital.o
 .debug_macro   0x0000000000001061      0x1df build/obj/src/digital.o
 .debug_macro   0x0000000000001240       0x22 build/obj/src/digital.o
 .debug_macro   0x0000000000001262       0x73 build/obj/src/digital.o
 .debug_macro   0x00000000000012d5       0x28 build/obj/src/digital.o
 .debug_macro   0x00000000000012fd       0x1c build/obj/src/digital.o
 .debug_macro   0x0000000000001319       0x22 build/obj/src/digital.o
 .debug_macro   0x000000000000133b       0xfb build/obj/src/digital.o
 .debug_macro   0x0000000000001436     0x1011 build/obj/src/digital.o
 .debug_macro   0x0000000000002447      0x11f build/obj/src/digital.o
 .debug_macro   0x0000000000002566      0x2c3 build/obj/src/digital.o
 .debug_macro   0x0000000000002829      0x112 build/obj/src/digital.o
 .debug_macro   0x000000000000293b       0x11 build/obj/src/digital.o
 .debug_macro   0x000000000000294c       0x2a build/obj/src/digital.o
 .debug_macro   0x0000000000002976       0x16 build/obj/src/digital.o
 .debug_macro   0x000000000000298c      0x2e6 build/obj/src/digital.o
 .debug_macro   0x0000000000002c72       0x82 build/obj/src/digital.o
 .debug_macro   0x0000000000002cf4      0x13d build/obj/src/digital.o
 .debug_macro   0x0000000000002e31      0x198 build/obj/src/digital.o
 .debug_macro   0x0000000000002fc9       0x34 build/obj/src/digital.o
 .debug_macro   0x0000000000002ffd       0x58 build/obj/src/digital.o
 .debug_macro   0x0000000000003055      0x236 build/obj/src/digital.o
 .debug_macro   0x000000000000328b      0x572 build/obj/src/digital.o
 .debug_macro   0x00000000000037fd       0x16 build/obj/src/digital.o
 .debug_macro   0x0000000000003813      0x18a build/obj/src/digital.o
 .debug_macro   0x000000000000399d       0x88 build/obj/src/digital.o
 .debug_macro   0x0000000000003a25      0x1b9 build/obj/src/digital.o
 .debug_macro   0x0000000000003bde      0x1da build/obj/src/digital.o
 .debug_macro   0x0000000000003db8       0x40 build/obj/src/digital.o
 .debug_macro   0x0000000000003df8       0x1c build/obj/src/digital.o
 .debug_macro   0x0000000000003e14       0x2e build/obj/src/digital.o
 .debug_macro   0x0000000000003e42       0x2e build/obj/src/digital.o
 .debug_macro   0x0000000000003e70       0x22 build/obj/src/digital.o
 .debug_macro   0x0000000000003e92      0x201 build/obj/src/digital.o
 .debug_macro   0x0000000000004093       0xe0 build/obj/src/digital.o
 .debug_macro   0x0000000000004173      0x34c build/obj/src/digital.o
 .debug_macro   0x00000000000044bf       0xdc build/obj/src/digital.o
 .debug_macro   0x000000000000459b       0xc4 build/obj/src/digital.o
 .debug_macro   0x000000000000465f       0x8f build/obj/src/digital.o
 .debug_macro   0x00000000000046ee       0x94 build/obj/src/digital.o
 .debug_macro   0x0000000000004782       0xb8 build/obj/src/digital.o
 .debug_macro   0x000000000000483a       0x4c build/obj/src/digital.o
 .debug_macro   0x0000000000004886       0x16 build/obj/src/digital.o
 .debug_macro   0x000000000000489c      0x328 build/obj/src/digital.o
 .debug_macro   0x0000000000004bc4       0x3a build/obj/src/digital.o
 .debug_macro   0x0000000000004bfe       0xd0 build/obj/src/digital.o
 .debug_macro   0x0000000000004cce       0x18 build/obj/src/digital.o
 .debug_macro   0x0000000000004ce6       0x22 build/obj/src/digital.o
 .debug_macro   0x0000000000004d08       0x40 build/obj/src/digital.o
 .debug_macro   0x0000000000004d48      0x136 build/obj/src/digital.o
 .debug_macro   0x0000000000004e7e      0x329 build/obj/src/main.o
 .debug_macro   0x00000000000051a7       0x1d build/obj/external/base/soc/lpc43xx/startup/cr_startup_lpc43xx.o

.debug_line     0x0000000000000000     0x15dd
 .debug_line    0x0000000000000000      0x9c4 build/obj/src/digital.o
 .debug_line    0x00000000000009c4      0x9f3 build/obj/src/main.o
 .debug_line    0x00000000000013b7      0x226 build/obj/external/base/soc/lpc43xx/startup/cr_startup_lpc43xx.o

.debug_str      0x0000000000000000    0x17133
 .debug_str     0x0000000000000000    0x16d5a build/obj/src/digital.o
                                      0x16f2f (size before relaxing)
 .debug_str     0x0000000000016d5a      0x14b build/obj/src/main.o
                                      0x16f98 (size before relaxing)
 .debug_str     0x0000000000016ea5      0x28e build/obj/external/base/soc/lpc43xx/startup/cr_startup_lpc43xx.o
                                       0x2fc2 (size before relaxing)

.debug_frame    0x0000000000000000      0x418
 .debug_frame   0x0000000000000000      0x18c build/obj/src/digital.o
 .debug_frame   0x000000000000018c      0x11c build/obj/src/main.o
 .debug_frame   0x00000000000002a8      0x170 build/obj/external/base/soc/lpc43xx/startup/cr_startup_lpc43xx.o

Cross Reference Table

Symbol                                            File
ADC0_IRQHandler                                   build/obj/external/base/soc/lpc43xx/startup/cr_startup_lpc43xx.o
ADC1_IRQHandler                                   build/obj/external/base/soc/lpc43xx/startup/cr_startup_lpc43xx.o
ATIMER_IRQHandler                                 build/obj/external/base/soc/lpc43xx/startup/cr_startup_lpc43xx.o
BusFault_Handler                                  build/obj/external/base/soc/lpc43xx/startup/cr_startup_lpc43xx.o
CAN0_IRQHandler                                   build/obj/external/base/soc/lpc43xx/startup/cr_startup_lpc43xx.o
CAN1_IRQHandler                                   build/obj/external/base/soc/lpc43xx/startup/cr_startup_lpc43xx.o
DAC_IRQHandler                                    build/obj/external/base/soc/lpc43xx/startup/cr_startup_lpc43xx.o
DMA_IRQHandler                                    build/obj/external/base/soc/lpc43xx/startup/cr_startup_lpc43xx.o
DebugMon_Handler                                  build/obj/external/base/soc/lpc43xx/startup/cr_startup_lpc43xx.o
DigitalOutPutActivate                             build/obj/src/digital.o
                                                  build/obj/src/main.o
DigitalOutPutDesactivate                          build/obj/src/digital.o
                                                  build/obj/src/main.o
DigitalOutPutToggle                               build/obj/src/digital.o
                                                  build/obj/src/main.o
DigitalOutputAllocate                             build/obj/src/digital.o
Digital_OutputCreate                              build/obj/src/digital.o
                                                  build/obj/src/main.o
ETH_IRQHandler                                    build/obj/external/base/soc/lpc43xx/startup/cr_startup_lpc43xx.o
EVRT_IRQHandler                                   build/obj/external/base/soc/lpc43xx/startup/cr_startup_lpc43xx.o
FLASH_EEPROM_IRQHandler                           build/obj/external/base/soc/lpc43xx/startup/cr_startup_lpc43xx.o
GINT0_IRQHandler                                  build/obj/external/base/soc/lpc43xx/startup/cr_startup_lpc43xx.o
GINT1_IRQHandler                                  build/obj/external/base/soc/lpc43xx/startup/cr_startup_lpc43xx.o
GPIO0_IRQHandler                                  build/obj/external/base/soc/lpc43xx/startup/cr_startup_lpc43xx.o
GPIO1_IRQHandler                                  build/obj/external/base/soc/lpc43xx/startup/cr_startup_lpc43xx.o
GPIO2_IRQHandler                                  build/obj/external/base/soc/lpc43xx/startup/cr_startup_lpc43xx.o
GPIO3_IRQHandler                                  build/obj/external/base/soc/lpc43xx/startup/cr_startup_lpc43xx.o
GPIO4_IRQHandler                                  build/obj/external/base/soc/lpc43xx/startup/cr_startup_lpc43xx.o
GPIO5_IRQHandler                                  build/obj/external/base/soc/lpc43xx/startup/cr_startup_lpc43xx.o
GPIO6_IRQHandler                                  build/obj/external/base/soc/lpc43xx/startup/cr_startup_lpc43xx.o
GPIO7_IRQHandler                                  build/obj/external/base/soc/lpc43xx/startup/cr_startup_lpc43xx.o
HardFault_Handler                                 build/obj/external/base/soc/lpc43xx/startup/cr_startup_lpc43xx.o
I2C0_IRQHandler                                   build/obj/external/base/soc/lpc43xx/startup/cr_startup_lpc43xx.o
I2C1_IRQHandler                                   build/obj/external/base/soc/lpc43xx/startup/cr_startup_lpc43xx.o
I2S0_IRQHandler                                   build/obj/external/base/soc/lpc43xx/startup/cr_startup_lpc43xx.o
I2S1_IRQHandler                                   build/obj/external/base/soc/lpc43xx/startup/cr_startup_lpc43xx.o
IntDefaultHandler                                 build/obj/external/base/soc/lpc43xx/startup/cr_startup_lpc43xx.o
LCD_IRQHandler                                    build/obj/external/base/soc/lpc43xx/startup/cr_startup_lpc43xx.o
M0CORE_IRQHandler                                 build/obj/external/base/soc/lpc43xx/startup/cr_startup_lpc43xx.o
M0SUB_IRQHandler                                  build/obj/external/base/soc/lpc43xx/startup/cr_startup_lpc43xx.o
MCPWM_IRQHandler                                  build/obj/external/base/soc/lpc43xx/startup/cr_startup_lpc43xx.o
MemManage_Handler                                 build/obj/external/base/soc/lpc43xx/startup/cr_startup_lpc43xx.o
NMI_Handler                                       build/obj/external/base/soc/lpc43xx/startup/cr_startup_lpc43xx.o
PendSV_Handler                                    build/obj/external/base/soc/lpc43xx/startup/cr_startup_lpc43xx.o
QEI_IRQHandler                                    build/obj/external/base/soc/lpc43xx/startup/cr_startup_lpc43xx.o
RIT_IRQHandler                                    build/obj/external/base/soc/lpc43xx/startup/cr_startup_lpc43xx.o
RTC_IRQHandler                                    build/obj/external/base/soc/lpc43xx/startup/cr_startup_lpc43xx.o
ResetISR                                          build/obj/external/base/soc/lpc43xx/startup/cr_startup_lpc43xx.o
SCT_IRQHandler                                    build/obj/external/base/soc/lpc43xx/startup/cr_startup_lpc43xx.o
SDIO_IRQHandler                                   build/obj/external/base/soc/lpc43xx/startup/cr_startup_lpc43xx.o
SGPIO_IRQHandler                                  build/obj/external/base/soc/lpc43xx/startup/cr_startup_lpc43xx.o
SPIFI_IRQHandler                                  build/obj/external/base/soc/lpc43xx/startup/cr_startup_lpc43xx.o
SPI_IRQHandler                                    build/obj/external/base/soc/lpc43xx/startup/cr_startup_lpc43xx.o
SSP0_IRQHandler                                   build/obj/external/base/soc/lpc43xx/startup/cr_startup_lpc43xx.o
SSP1_IRQHandler                                   build/obj/external/base/soc/lpc43xx/startup/cr_startup_lpc43xx.o
SVC_Handler                                       build/obj/external/base/soc/lpc43xx/startup/cr_startup_lpc43xx.o
SysTick_Handler                                   build/obj/external/base/soc/lpc43xx/startup/cr_startup_lpc43xx.o
TIMER0_IRQHandler                                 build/obj/external/base/soc/lpc43xx/startup/cr_startup_lpc43xx.o
TIMER1_IRQHandler                                 build/obj/external/base/soc/lpc43xx/startup/cr_startup_lpc43xx.o
TIMER2_IRQHandler                                 build/obj/external/base/soc/lpc43xx/startup/cr_startup_lpc43xx.o
TIMER3_IRQHandler                                 build/obj/external/base/soc/lpc43xx/startup/cr_startup_lpc43xx.o
UART0_IRQHandler                                  build/obj/external/base/soc/lpc43xx/startup/cr_startup_lpc43xx.o
UART1_IRQHandler                                  build/obj/external/base/soc/lpc43xx/startup/cr_startup_lpc43xx.o
UART2_IRQHandler                                  build/obj/external/base/soc/lpc43xx/startup/cr_startup_lpc43xx.o
UART3_IRQHandler                                  build/obj/external/base/soc/lpc43xx/startup/cr_startup_lpc43xx.o
USB0_IRQHandler                                   build/obj/external/base/soc/lpc43xx/startup/cr_startup_lpc43xx.o
USB1_IRQHandler                                   build/obj/external/base/soc/lpc43xx/startup/cr_startup_lpc43xx.o
UsageFault_Handler                                build/obj/external/base/soc/lpc43xx/startup/cr_startup_lpc43xx.o
VADC_IRQHandler                                   build/obj/external/base/soc/lpc43xx/startup/cr_startup_lpc43xx.o
WDT_IRQHandler                                    build/obj/external/base/soc/lpc43xx/startup/cr_startup_lpc43xx.o
__bss_end__                                       /usr/local/share/gcc-arm-none-eabi-10.3-2021.10/bin/../lib/gcc/arm-none-eabi/10.3.1/../../../../arm-none-eabi/lib/thumb/v7e-m+fp/softfp/crt0.o
__bss_section_table_end                           build/obj/external/base/soc/lpc43xx/startup/cr_startup_lpc43xx.o
__bss_start__                                     /usr/local/share/gcc-arm-none-eabi-10.3-2021.10/bin/../lib/gcc/arm-none-eabi/10.3.1/../../../../arm-none-eabi/lib/thumb/v7e-m+fp/softfp/crt0.o
__call_exitprocs                                  /usr/local/share/gcc-arm-none-eabi-10.3-2021.10/bin/../lib/gcc/arm-none-eabi/10.3.1/../../../../arm-none-eabi/lib/thumb/v7e-m+fp/softfp/libc_nano.a(lib_a-exit.o)
__data_section_table                              build/obj/external/base/soc/lpc43xx/startup/cr_startup_lpc43xx.o
__data_section_table_end                          build/obj/external/base/soc/lpc43xx/startup/cr_startup_lpc43xx.o
__deregister_frame_info                           /usr/local/share/gcc-arm-none-eabi-10.3-2021.10/bin/../lib/gcc/arm-none-eabi/10.3.1/thumb/v7e-m+fp/softfp/crtbegin.o
__dso_handle                                      /usr/local/share/gcc-arm-none-eabi-10.3-2021.10/bin/../lib/gcc/arm-none-eabi/10.3.1/thumb/v7e-m+fp/softfp/crtbegin.o
__init_array_end                                  /usr/local/share/gcc-arm-none-eabi-10.3-2021.10/bin/../lib/gcc/arm-none-eabi/10.3.1/../../../../arm-none-eabi/lib/thumb/v7e-m+fp/softfp/libc_nano.a(lib_a-init.o)
__init_array_start                                /usr/local/share/gcc-arm-none-eabi-10.3-2021.10/bin/../lib/gcc/arm-none-eabi/10.3.1/../../../../arm-none-eabi/lib/thumb/v7e-m+fp/softfp/libc_nano.a(lib_a-init.o)
__libc_fini_array                                 /usr/local/share/gcc-arm-none-eabi-10.3-2021.10/bin/../lib/gcc/arm-none-eabi/10.3.1/../../../../arm-none-eabi/lib/thumb/v7e-m+fp/softfp/crt0.o
__libc_init_array                                 /usr/local/share/gcc-arm-none-eabi-10.3-2021.10/bin/../lib/gcc/arm-none-eabi/10.3.1/../../../../arm-none-eabi/lib/thumb/v7e-m+fp/softfp/libc_nano.a(lib_a-init.o)
                                                  /usr/local/share/gcc-arm-none-eabi-10.3-2021.10/bin/../lib/gcc/arm-none-eabi/10.3.1/../../../../arm-none-eabi/lib/thumb/v7e-m+fp/softfp/crt0.o
__preinit_array_end                               /usr/local/share/gcc-arm-none-eabi-10.3-2021.10/bin/../lib/gcc/arm-none-eabi/10.3.1/../../../../arm-none-eabi/lib/thumb/v7e-m+fp/softfp/libc_nano.a(lib_a-init.o)
__preinit_array_start                             /usr/local/share/gcc-arm-none-eabi-10.3-2021.10/bin/../lib/gcc/arm-none-eabi/10.3.1/../../../../arm-none-eabi/lib/thumb/v7e-m+fp/softfp/libc_nano.a(lib_a-init.o)
__register_frame_info                             /usr/local/share/gcc-arm-none-eabi-10.3-2021.10/bin/../lib/gcc/arm-none-eabi/10.3.1/thumb/v7e-m+fp/softfp/crtbegin.o
__sf_fake_stderr                                  /usr/local/share/gcc-arm-none-eabi-10.3-2021.10/bin/../lib/gcc/arm-none-eabi/10.3.1/../../../../arm-none-eabi/lib/thumb/v7e-m+fp/softfp/libc_nano.a(lib_a-impure.o)
__sf_fake_stdin                                   /usr/local/share/gcc-arm-none-eabi-10.3-2021.10/bin/../lib/gcc/arm-none-eabi/10.3.1/../../../../arm-none-eabi/lib/thumb/v7e-m+fp/softfp/libc_nano.a(lib_a-impure.o)
__sf_fake_stdout                                  /usr/local/share/gcc-arm-none-eabi-10.3-2021.10/bin/../lib/gcc/arm-none-eabi/10.3.1/../../../../arm-none-eabi/lib/thumb/v7e-m+fp/softfp/libc_nano.a(lib_a-impure.o)
__stack                                           /usr/local/share/gcc-arm-none-eabi-10.3-2021.10/bin/../lib/gcc/arm-none-eabi/10.3.1/../../../../arm-none-eabi/lib/thumb/v7e-m+fp/softfp/crt0.o
__valid_user_code_checksum                        build/obj/external/base/soc/lpc43xx/startup/cr_startup_lpc43xx.o
_exit                                             /usr/local/share/gcc-arm-none-eabi-10.3-2021.10/bin/../lib/gcc/arm-none-eabi/10.3.1/../../../../arm-none-eabi/lib/thumb/v7e-m+fp/softfp/libnosys.a(_exit.o)
                                                  /usr/local/share/gcc-arm-none-eabi-10.3-2021.10/bin/../lib/gcc/arm-none-eabi/10.3.1/../../../../arm-none-eabi/lib/thumb/v7e-m+fp/softfp/libc_nano.a(lib_a-exit.o)
_fini                                             /usr/local/share/gcc-arm-none-eabi-10.3-2021.10/bin/../lib/gcc/arm-none-eabi/10.3.1/thumb/v7e-m+fp/softfp/crti.o
_global_impure_ptr                                /usr/local/share/gcc-arm-none-eabi-10.3-2021.10/bin/../lib/gcc/arm-none-eabi/10.3.1/../../../../arm-none-eabi/lib/thumb/v7e-m+fp/softfp/libc_nano.a(lib_a-impure.o)
                                                  /usr/local/share/gcc-arm-none-eabi-10.3-2021.10/bin/../lib/gcc/arm-none-eabi/10.3.1/../../../../arm-none-eabi/lib/thumb/v7e-m+fp/softfp/libc_nano.a(lib_a-exit.o)
_impure_ptr                                       /usr/local/share/gcc-arm-none-eabi-10.3-2021.10/bin/../lib/gcc/arm-none-eabi/10.3.1/../../../../arm-none-eabi/lib/thumb/v7e-m+fp/softfp/libc_nano.a(lib_a-impure.o)
_init                                             /usr/local/share/gcc-arm-none-eabi-10.3-2021.10/bin/../lib/gcc/arm-none-eabi/10.3.1/thumb/v7e-m+fp/softfp/crti.o
                                                  /usr/local/share/gcc-arm-none-eabi-10.3-2021.10/bin/../lib/gcc/arm-none-eabi/10.3.1/../../../../arm-none-eabi/lib/thumb/v7e-m+fp/softfp/libc_nano.a(lib_a-init.o)
_mainCRTStartup                                   /usr/local/share/gcc-arm-none-eabi-10.3-2021.10/bin/../lib/gcc/arm-none-eabi/10.3.1/../../../../arm-none-eabi/lib/thumb/v7e-m+fp/softfp/crt0.o
_stack_init                                       /usr/local/share/gcc-arm-none-eabi-10.3-2021.10/bin/../lib/gcc/arm-none-eabi/10.3.1/../../../../arm-none-eabi/lib/thumb/v7e-m+fp/softfp/crt0.o
_start                                            /usr/local/share/gcc-arm-none-eabi-10.3-2021.10/bin/../lib/gcc/arm-none-eabi/10.3.1/../../../../arm-none-eabi/lib/thumb/v7e-m+fp/softfp/crt0.o
_vStackTop                                        build/obj/external/base/soc/lpc43xx/startup/cr_startup_lpc43xx.o
atexit                                            /usr/local/share/gcc-arm-none-eabi-10.3-2021.10/bin/../lib/gcc/arm-none-eabi/10.3.1/../../../../arm-none-eabi/lib/thumb/v7e-m+fp/softfp/crt0.o
bss_init                                          build/obj/external/base/soc/lpc43xx/startup/cr_startup_lpc43xx.o
data_init                                         build/obj/external/base/soc/lpc43xx/startup/cr_startup_lpc43xx.o
exit                                              /usr/local/share/gcc-arm-none-eabi-10.3-2021.10/bin/../lib/gcc/arm-none-eabi/10.3.1/../../../../arm-none-eabi/lib/thumb/v7e-m+fp/softfp/libc_nano.a(lib_a-exit.o)
                                                  /usr/local/share/gcc-arm-none-eabi-10.3-2021.10/bin/../lib/gcc/arm-none-eabi/10.3.1/../../../../arm-none-eabi/lib/thumb/v7e-m+fp/softfp/crt0.o
g_pfnVectors                                      build/obj/external/base/soc/lpc43xx/startup/cr_startup_lpc43xx.o
hardware_init_hook                                /usr/local/share/gcc-arm-none-eabi-10.3-2021.10/bin/../lib/gcc/arm-none-eabi/10.3.1/../../../../arm-none-eabi/lib/thumb/v7e-m+fp/softfp/crt0.o
main                                              build/obj/src/main.o
                                                  build/obj/external/base/soc/lpc43xx/startup/cr_startup_lpc43xx.o
                                                  /usr/local/share/gcc-arm-none-eabi-10.3-2021.10/bin/../lib/gcc/arm-none-eabi/10.3.1/../../../../arm-none-eabi/lib/thumb/v7e-m+fp/softfp/crt0.o
memset                                            /usr/local/share/gcc-arm-none-eabi-10.3-2021.10/bin/../lib/gcc/arm-none-eabi/10.3.1/../../../../arm-none-eabi/lib/thumb/v7e-m+fp/softfp/libc_nano.a(lib_a-memset.o)
                                                  /usr/local/share/gcc-arm-none-eabi-10.3-2021.10/bin/../lib/gcc/arm-none-eabi/10.3.1/../../../../arm-none-eabi/lib/thumb/v7e-m+fp/softfp/crt0.o
software_init_hook                                /usr/local/share/gcc-arm-none-eabi-10.3-2021.10/bin/../lib/gcc/arm-none-eabi/10.3.1/../../../../arm-none-eabi/lib/thumb/v7e-m+fp/softfp/crt0.o
